
 Start Length Name Class
 0001:00011000 00000A964H _TEXT                  CODE
 0002:0001C000 0000027C0H _DATA                  DATA
 0003:0001E7C0 000000988H _BSS                   BSS
 0004:00000000 00000009CH _TLS                   TLS


Detailed map of segments
 0001:000000B4 0000014F C=CODE    S=_TEXT    G=(none)   M=C:\PROGRAM FILES\BORLAND\CBUILDER6\LIB\C0X32.OBJ ACBP=A9
 0001:00000203 00000371 C=CODE    S=_TEXT    G=(none)   M=D:\”◊≈¡¿\RESHIMNA5\1327\1. œ–Œ√–¿ÃÃ¿\MAIN.OBJ ACBP=A9
 0001:00000574 0000002B C=CODE    S=_TEXT    G=(none)   M=C:\PROGRAM FILES\BORLAND\CBUILDER6\LIB\CW32.LIB|calloc ACBP=A9
 0001:000005A0 0000000F C=CODE    S=_TEXT    G=(none)   M=C:\PROGRAM FILES\BORLAND\CBUILDER6\LIB\CW32.LIB|del ACBP=A9
 0001:000005B0 0000000F C=CODE    S=_TEXT    G=(none)   M=C:\PROGRAM FILES\BORLAND\CBUILDER6\LIB\CW32.LIB|delarray ACBP=A9
 0001:000005C0 000001B6 C=CODE    S=_TEXT    G=(none)   M=C:\PROGRAM FILES\BORLAND\CBUILDER6\LIB\CW32.LIB|new ACBP=A9
 0001:00000778 0000000F C=CODE    S=_TEXT    G=(none)   M=C:\PROGRAM FILES\BORLAND\CBUILDER6\LIB\CW32.LIB|newarray ACBP=A9
 0001:00000788 000000DB C=CODE    S=_TEXT    G=(none)   M=C:\PROGRAM FILES\BORLAND\CBUILDER6\LIB\CW32.LIB|setnew ACBP=A9
 0001:0000085C 00000111 C=CODE    S=_TEXT    G=(none)   M=C:\PROGRAM FILES\BORLAND\CBUILDER6\LIB\CW32.LIB|virtmem ACBP=A9
 0001:00000970 0000009F C=CODE    S=_TEXT    G=(none)   M=C:\PROGRAM FILES\BORLAND\CBUILDER6\LIB\CW32.LIB|hrdir_b ACBP=A9
 0001:00000A10 00000020 C=CODE    S=_TEXT    G=(none)   M=C:\PROGRAM FILES\BORLAND\CBUILDER6\LIB\CW32.LIB|hrdir_mf ACBP=A9
 0001:00000A30 00000016 C=CODE    S=_TEXT    G=(none)   M=C:\PROGRAM FILES\BORLAND\CBUILDER6\LIB\CW32.LIB|hrdir_r ACBP=A9
 0001:00000A48 000000B8 C=CODE    S=_TEXT    G=(none)   M=C:\PROGRAM FILES\BORLAND\CBUILDER6\LIB\CW32.LIB|hrdir_s ACBP=A9
 0001:00000B00 00000001 C=CODE    S=_TEXT    G=(none)   M=C:\PROGRAM FILES\BORLAND\CBUILDER6\LIB\CW32.LIB|hrdir_us ACBP=A9
 0001:00000B04 000009CC C=CODE    S=_TEXT    G=(none)   M=C:\PROGRAM FILES\BORLAND\CBUILDER6\LIB\CW32.LIB|heap ACBP=A9
 0001:000014D0 00000292 C=CODE    S=_TEXT    G=(none)   M=C:\PROGRAM FILES\BORLAND\CBUILDER6\LIB\CW32.LIB|realloc ACBP=A9
 0001:00001764 00000001 C=CODE    S=_TEXT    G=(none)   M=C:\PROGRAM FILES\BORLAND\CBUILDER6\LIB\CW32.LIB|crtlst_i ACBP=A9
 0001:00001768 00000001 C=CODE    S=_TEXT    G=(none)   M=C:\PROGRAM FILES\BORLAND\CBUILDER6\LIB\CW32.LIB|crtlst_l ACBP=A9
 0001:0000176C 00000214 C=CODE    S=_TEXT    G=(none)   M=C:\PROGRAM FILES\BORLAND\CBUILDER6\LIB\CW32.LIB|predecl ACBP=A9
 0001:00001976 00000102 C=CODE    S=_TEXT    G=(none)   M=C:\PROGRAM FILES\BORLAND\CBUILDER6\LIB\CW32.LIB|stdexcpt ACBP=A9
 0001:000019F4 00000024 C=CODE    S=_TEXT    G=(none)   M=C:\PROGRAM FILES\BORLAND\CBUILDER6\LIB\CW32.LIB|memcpy ACBP=A9
 0001:00001A18 0000004A C=CODE    S=_TEXT    G=(none)   M=C:\PROGRAM FILES\BORLAND\CBUILDER6\LIB\CW32.LIB|memmove ACBP=A9
 0001:00001A64 0000008A C=CODE    S=_TEXT    G=(none)   M=C:\PROGRAM FILES\BORLAND\CBUILDER6\LIB\CW32.LIB|memset ACBP=A9
 0001:00001AF0 00000018 C=CODE    S=_TEXT    G=(none)   M=C:\PROGRAM FILES\BORLAND\CBUILDER6\LIB\CW32.LIB|wmemset ACBP=A9
 0001:00001B08 0000003C C=CODE    S=_TEXT    G=(none)   M=C:\PROGRAM FILES\BORLAND\CBUILDER6\LIB\CW32.LIB|strcat ACBP=A9
 0001:00001B44 0000002F C=CODE    S=_TEXT    G=(none)   M=C:\PROGRAM FILES\BORLAND\CBUILDER6\LIB\CW32.LIB|strcpy ACBP=A9
 0001:00001B74 0000005A C=CODE    S=_TEXT    G=(none)   M=C:\PROGRAM FILES\BORLAND\CBUILDER6\LIB\CW32.LIB|strlen ACBP=A9
 0001:00001BD0 0000006E C=CODE    S=_TEXT    G=(none)   M=C:\PROGRAM FILES\BORLAND\CBUILDER6\LIB\CW32.LIB|strncat ACBP=A9
 0001:00001C40 0000006C C=CODE    S=_TEXT    G=(none)   M=C:\PROGRAM FILES\BORLAND\CBUILDER6\LIB\CW32.LIB|memcmp ACBP=A9
 0001:00001CAC 00000032 C=CODE    S=_TEXT    G=(none)   M=C:\PROGRAM FILES\BORLAND\CBUILDER6\LIB\CW32.LIB|strdup ACBP=A9
 0001:00001CE0 00000037 C=CODE    S=_TEXT    G=(none)   M=C:\PROGRAM FILES\BORLAND\CBUILDER6\LIB\CW32.LIB|_stpcpy ACBP=A9
 0001:00001D18 00000018 C=CODE    S=_TEXT    G=(none)   M=C:\PROGRAM FILES\BORLAND\CBUILDER6\LIB\CW32.LIB|wcslen ACBP=A9
 0001:00001D30 0000003F C=CODE    S=_TEXT    G=(none)   M=C:\PROGRAM FILES\BORLAND\CBUILDER6\LIB\CW32.LIB|wcscpy ACBP=A9
 0001:00001D70 00000070 C=CODE    S=_TEXT    G=(none)   M=C:\PROGRAM FILES\BORLAND\CBUILDER6\LIB\CW32.LIB|xxa ACBP=A9
 0001:00001DE0 00000AB6 C=CODE    S=_TEXT    G=(none)   M=C:\PROGRAM FILES\BORLAND\CBUILDER6\LIB\CW32.LIB|xxtype ACBP=A9
 0001:00002896 000000B6 C=CODE    S=_TEXT    G=(none)   M=C:\PROGRAM FILES\BORLAND\CBUILDER6\LIB\CW32.LIB|xxut ACBP=A9
 0001:00002938 0000014B C=CODE    S=_TEXT    G=(none)   M=C:\PROGRAM FILES\BORLAND\CBUILDER6\LIB\CW32.LIB|xxv ACBP=A9
 0001:00002A84 0000000A C=CODE    S=_TEXT    G=(none)   M=C:\PROGRAM FILES\BORLAND\CBUILDER6\LIB\CW32.LIB|defhandl ACBP=A9
 0001:00002A90 00000179 C=CODE    S=_TEXT    G=(none)   M=C:\PROGRAM FILES\BORLAND\CBUILDER6\LIB\CW32.LIB|except ACBP=A9
 0001:00002C0C 00000046 C=CODE    S=_TEXT    G=(none)   M=C:\PROGRAM FILES\BORLAND\CBUILDER6\LIB\CW32.LIB|setexc ACBP=A9
 0001:00002C54 00000022 C=CODE    S=_TEXT    G=(none)   M=C:\PROGRAM FILES\BORLAND\CBUILDER6\LIB\CW32.LIB|ta ACBP=A9
 0001:00002C78 0000003C C=CODE    S=_TEXT    G=(none)   M=C:\PROGRAM FILES\BORLAND\CBUILDER6\LIB\CW32.LIB|__access ACBP=A9
 0001:00002CB4 00000060 C=CODE    S=_TEXT    G=(none)   M=C:\PROGRAM FILES\BORLAND\CBUILDER6\LIB\CW32.LIB|__close ACBP=A9
 0001:00002D14 00000047 C=CODE    S=_TEXT    G=(none)   M=C:\PROGRAM FILES\BORLAND\CBUILDER6\LIB\CW32.LIB|__isatty ACBP=A9
 0001:00002D5C 00000076 C=CODE    S=_TEXT    G=(none)   M=C:\PROGRAM FILES\BORLAND\CBUILDER6\LIB\CW32.LIB|__lseek ACBP=A9
 0001:00002DD4 000001FA C=CODE    S=_TEXT    G=(none)   M=C:\PROGRAM FILES\BORLAND\CBUILDER6\LIB\CW32.LIB|__open ACBP=A9
 0001:00002FD0 0000011C C=CODE    S=_TEXT    G=(none)   M=C:\PROGRAM FILES\BORLAND\CBUILDER6\LIB\CW32.LIB|__write ACBP=A9
 0001:000030EC 00000011 C=CODE    S=_TEXT    G=(none)   M=C:\PROGRAM FILES\BORLAND\CBUILDER6\LIB\CW32.LIB|_cfinfo ACBP=A9
 0001:00003100 00000038 C=CODE    S=_TEXT    G=(none)   M=C:\PROGRAM FILES\BORLAND\CBUILDER6\LIB\CW32.LIB|_flshall ACBP=A9
 0001:00003138 00000017 C=CODE    S=_TEXT    G=(none)   M=C:\PROGRAM FILES\BORLAND\CBUILDER6\LIB\CW32.LIB|_umask ACBP=A9
 0001:00003138 00000061 C=CODE    S=_TEXT    G=(none)   M=C:\PROGRAM FILES\BORLAND\CBUILDER6\LIB\CW32.LIB|_write ACBP=A9
 0001:0000319C 00000008 C=CODE    S=_TEXT    G=(none)   M=C:\PROGRAM FILES\BORLAND\CBUILDER6\LIB\CW32.LIB|access ACBP=A9
 0001:000031A4 0000007D C=CODE    S=_TEXT    G=(none)   M=C:\PROGRAM FILES\BORLAND\CBUILDER6\LIB\CW32.LIB|allocbuf ACBP=A9
 0001:00003224 0000008F C=CODE    S=_TEXT    G=(none)   M=C:\PROGRAM FILES\BORLAND\CBUILDER6\LIB\CW32.LIB|chdir ACBP=A9
 0001:000032B4 000000EC C=CODE    S=_TEXT    G=(none)   M=C:\PROGRAM FILES\BORLAND\CBUILDER6\LIB\CW32.LIB|dosgdriv ACBP=A9
 0001:000033A0 0000008E C=CODE    S=_TEXT    G=(none)   M=C:\PROGRAM FILES\BORLAND\CBUILDER6\LIB\CW32.LIB|fclose ACBP=A9
 0001:00003430 0000007F C=CODE    S=_TEXT    G=(none)   M=C:\PROGRAM FILES\BORLAND\CBUILDER6\LIB\CW32.LIB|fflush ACBP=A9
 0001:000034B0 00000344 C=CODE    S=_TEXT    G=(none)   M=C:\PROGRAM FILES\BORLAND\CBUILDER6\LIB\CW32.LIB|findfrst ACBP=A9
 0001:000037F4 0000005A C=CODE    S=_TEXT    G=(none)   M=C:\PROGRAM FILES\BORLAND\CBUILDER6\LIB\CW32.LIB|flushout ACBP=A9
 0001:00003850 00000023 C=CODE    S=_TEXT    G=(none)   M=C:\PROGRAM FILES\BORLAND\CBUILDER6\LIB\CW32.LIB|fmodeptr ACBP=A9
 0001:00003874 00000008 C=CODE    S=_TEXT    G=(none)   M=C:\PROGRAM FILES\BORLAND\CBUILDER6\LIB\CW32.LIB|fnsplit ACBP=A9
 0001:0000387C 000001DD C=CODE    S=_TEXT    G=(none)   M=C:\PROGRAM FILES\BORLAND\CBUILDER6\LIB\CW32.LIB|fopen ACBP=A9
 0001:00003A5C 00000022 C=CODE    S=_TEXT    G=(none)   M=C:\PROGRAM FILES\BORLAND\CBUILDER6\LIB\CW32.LIB|fprintf ACBP=A9
 0001:00003A80 000000D9 C=CODE    S=_TEXT    G=(none)   M=C:\PROGRAM FILES\BORLAND\CBUILDER6\LIB\CW32.LIB|fputn ACBP=A9
 0001:00003B5C 0000013E C=CODE    S=_TEXT    G=(none)   M=C:\PROGRAM FILES\BORLAND\CBUILDER6\LIB\CW32.LIB|fseek ACBP=A9
 0001:00003C9C 000000D4 C=CODE    S=_TEXT    G=(none)   M=C:\PROGRAM FILES\BORLAND\CBUILDER6\LIB\CW32.LIB|fullpath ACBP=A9
 0001:00003D70 0000002B C=CODE    S=_TEXT    G=(none)   M=C:\PROGRAM FILES\BORLAND\CBUILDER6\LIB\CW32.LIB|getdisk ACBP=A9
 0001:00003D9C 000002B9 C=CODE    S=_TEXT    G=(none)   M=C:\PROGRAM FILES\BORLAND\CBUILDER6\LIB\CW32.LIB|handles ACBP=A9
 0001:00004058 00000076 C=CODE    S=_TEXT    G=(none)   M=C:\PROGRAM FILES\BORLAND\CBUILDER6\LIB\CW32.LIB|ioerror ACBP=A9
 0001:000040D0 00000110 C=CODE    S=_TEXT    G=(none)   M=C:\PROGRAM FILES\BORLAND\CBUILDER6\LIB\CW32.LIB|lputc ACBP=A9
 0001:000041E0 00000091 C=CODE    S=_TEXT    G=(none)   M=C:\PROGRAM FILES\BORLAND\CBUILDER6\LIB\CW32.LIB|mkname ACBP=A9
 0001:00004271 00000079 C=CODE    S=_TEXT    G=(none)   M=C:\PROGRAM FILES\BORLAND\CBUILDER6\LIB\CW32.LIB|perror ACBP=A9
 0001:00004274 00000023 C=CODE    S=_TEXT    G=(none)   M=C:\PROGRAM FILES\BORLAND\CBUILDER6\LIB\CW32.LIB|printf ACBP=A9
 0001:00004298 0000004D C=CODE    S=_TEXT    G=(none)   M=C:\PROGRAM FILES\BORLAND\CBUILDER6\LIB\CW32.LIB|setvbuf ACBP=A9
 0001:000042E8 000002C5 C=CODE    S=_TEXT    G=(none)   M=C:\PROGRAM FILES\BORLAND\CBUILDER6\LIB\CW32.LIB|splitpth ACBP=A9
 0001:000045B0 00000115 C=CODE    S=_TEXT    G=(none)   M=C:\PROGRAM FILES\BORLAND\CBUILDER6\LIB\CW32.LIB|streams ACBP=A9
 0001:000046C8 0000001A C=CODE    S=_TEXT    G=(none)   M=C:\PROGRAM FILES\BORLAND\CBUILDER6\LIB\CW32.LIB|unlink ACBP=A9
 0001:000046E4 000009EC C=CODE    S=_TEXT    G=(none)   M=C:\PROGRAM FILES\BORLAND\CBUILDER6\LIB\CW32.LIB|vprinter ACBP=A9
 0001:000050D0 0000002E C=CODE    S=_TEXT    G=(none)   M=C:\PROGRAM FILES\BORLAND\CBUILDER6\LIB\CW32.LIB|xfclose ACBP=A9
 0001:00005100 00000027 C=CODE    S=_TEXT    G=(none)   M=C:\PROGRAM FILES\BORLAND\CBUILDER6\LIB\CW32.LIB|xfflush ACBP=A9
 0001:00005128 00000051 C=CODE    S=_TEXT    G=(none)   M=C:\PROGRAM FILES\BORLAND\CBUILDER6\LIB\CW32.LIB|getinfo ACBP=A9
 0001:0000517C 00000102 C=CODE    S=_TEXT    G=(none)   M=C:\PROGRAM FILES\BORLAND\CBUILDER6\LIB\CW32.LIB|is ACBP=A9
 0001:00005280 00000103 C=CODE    S=_TEXT    G=(none)   M=C:\PROGRAM FILES\BORLAND\CBUILDER6\LIB\CW32.LIB|wis ACBP=A9
 0001:00005384 00000043 C=CODE    S=_TEXT    G=(none)   M=C:\PROGRAM FILES\BORLAND\CBUILDER6\LIB\CW32.LIB|isctype ACBP=A9
 0001:000053C8 00000055 C=CODE    S=_TEXT    G=(none)   M=C:\PROGRAM FILES\BORLAND\CBUILDER6\LIB\CW32.LIB|iswctype ACBP=A9
 0001:00005420 00000054 C=CODE    S=_TEXT    G=(none)   M=C:\PROGRAM FILES\BORLAND\CBUILDER6\LIB\CW32.LIB|ltoupper ACBP=A9
 0001:00005474 000004D0 C=CODE    S=_TEXT    G=(none)   M=C:\PROGRAM FILES\BORLAND\CBUILDER6\LIB\CW32.LIB|mbyte1 ACBP=A9
 0001:00005944 00000200 C=CODE    S=_TEXT    G=(none)   M=C:\PROGRAM FILES\BORLAND\CBUILDER6\LIB\CW32.LIB|_ll ACBP=A9
 0001:00005B44 00000188 C=CODE    S=_TEXT    G=(none)   M=C:\PROGRAM FILES\BORLAND\CBUILDER6\LIB\CW32.LIB|_pow10 ACBP=A9
 0001:00005CCC 00000013 C=CODE    S=_TEXT    G=(none)   M=C:\PROGRAM FILES\BORLAND\CBUILDER6\LIB\CW32.LIB|clear87 ACBP=A9
 0001:00005CE0 0000002F C=CODE    S=_TEXT    G=(none)   M=C:\PROGRAM FILES\BORLAND\CBUILDER6\LIB\CW32.LIB|ctrl87 ACBP=A9
 0001:00005D10 00000018 C=CODE    S=_TEXT    G=(none)   M=C:\PROGRAM FILES\BORLAND\CBUILDER6\LIB\CW32.LIB|cvtentry ACBP=A9
 0001:00005D28 00000018 C=CODE    S=_TEXT    G=(none)   M=C:\PROGRAM FILES\BORLAND\CBUILDER6\LIB\CW32.LIB|cvtfak ACBP=A9
 0001:00005D40 00000018 C=CODE    S=_TEXT    G=(none)   M=C:\PROGRAM FILES\BORLAND\CBUILDER6\LIB\CW32.LIB|cvtfakw ACBP=A9
 0001:00005D58 00000016 C=CODE    S=_TEXT    G=(none)   M=C:\PROGRAM FILES\BORLAND\CBUILDER6\LIB\CW32.LIB|fpreset ACBP=A9
 0001:00005D70 0000002D C=CODE    S=_TEXT    G=(none)   M=C:\PROGRAM FILES\BORLAND\CBUILDER6\LIB\CW32.LIB|fuildq ACBP=A9
 0001:00005DA0 00000021 C=CODE    S=_TEXT    G=(none)   M=C:\PROGRAM FILES\BORLAND\CBUILDER6\LIB\CW32.LIB|fuistq ACBP=A9
 0001:00005DC4 00000011 C=CODE    S=_TEXT    G=(none)   M=C:\PROGRAM FILES\BORLAND\CBUILDER6\LIB\CW32.LIB|fxam ACBP=A9
 0001:00005DD8 000000B1 C=CODE    S=_TEXT    G=(none)   M=C:\PROGRAM FILES\BORLAND\CBUILDER6\LIB\CW32.LIB|int64toa ACBP=A9
 0001:00005E8C 00000117 C=CODE    S=_TEXT    G=(none)   M=C:\PROGRAM FILES\BORLAND\CBUILDER6\LIB\CW32.LIB|ldtrunc ACBP=A9
 0001:00005FA4 0000008F C=CODE    S=_TEXT    G=(none)   M=C:\PROGRAM FILES\BORLAND\CBUILDER6\LIB\CW32.LIB|longtoa ACBP=A9
 0001:00006034 00000075 C=CODE    S=_TEXT    G=(none)   M=C:\PROGRAM FILES\BORLAND\CBUILDER6\LIB\CW32.LIB|ltoa1 ACBP=A9
 0001:000060AC 0000002A C=CODE    S=_TEXT    G=(none)   M=C:\PROGRAM FILES\BORLAND\CBUILDER6\LIB\CW32.LIB|matherr ACBP=A9
 0001:000060D8 0000002E C=CODE    S=_TEXT    G=(none)   M=C:\PROGRAM FILES\BORLAND\CBUILDER6\LIB\CW32.LIB|matherrl ACBP=A9
 0001:00006108 00000016 C=CODE    S=_TEXT    G=(none)   M=C:\PROGRAM FILES\BORLAND\CBUILDER6\LIB\CW32.LIB|mathptr ACBP=A9
 0001:00006120 00000025 C=CODE    S=_TEXT    G=(none)   M=C:\PROGRAM FILES\BORLAND\CBUILDER6\LIB\CW32.LIB|qdiv10 ACBP=A9
 0001:00006148 0000002E C=CODE    S=_TEXT    G=(none)   M=C:\PROGRAM FILES\BORLAND\CBUILDER6\LIB\CW32.LIB|qmul10 ACBP=A9
 0001:00006178 000002F9 C=CODE    S=_TEXT    G=(none)   M=C:\PROGRAM FILES\BORLAND\CBUILDER6\LIB\CW32.LIB|realcvt ACBP=A9
 0001:00006474 00000331 C=CODE    S=_TEXT    G=(none)   M=C:\PROGRAM FILES\BORLAND\CBUILDER6\LIB\CW32.LIB|realcvtw ACBP=A9
 0001:000067A8 000004E1 C=CODE    S=_TEXT    G=(none)   M=C:\PROGRAM FILES\BORLAND\CBUILDER6\LIB\CW32.LIB|scantod ACBP=A9
 0001:00006C8C 000004DD C=CODE    S=_TEXT    G=(none)   M=C:\PROGRAM FILES\BORLAND\CBUILDER6\LIB\CW32.LIB|scanwtod ACBP=A9
 0001:0000716C 000002D2 C=CODE    S=_TEXT    G=(none)   M=C:\PROGRAM FILES\BORLAND\CBUILDER6\LIB\CW32.LIB|xcvt ACBP=A9
 0001:00007440 000002F1 C=CODE    S=_TEXT    G=(none)   M=C:\PROGRAM FILES\BORLAND\CBUILDER6\LIB\CW32.LIB|xcvtw ACBP=A9
 0001:00007734 0000006B C=CODE    S=_TEXT    G=(none)   M=C:\PROGRAM FILES\BORLAND\CBUILDER6\LIB\CW32.LIB|mbbtype ACBP=A9
 0001:000077A0 00000139 C=CODE    S=_TEXT    G=(none)   M=C:\PROGRAM FILES\BORLAND\CBUILDER6\LIB\CW32.LIB|mbctype ACBP=A9
 0001:000078DC 0000001A C=CODE    S=_TEXT    G=(none)   M=C:\PROGRAM FILES\BORLAND\CBUILDER6\LIB\CW32.LIB|mbisspc ACBP=A9
 0001:000078F8 0000002F C=CODE    S=_TEXT    G=(none)   M=C:\PROGRAM FILES\BORLAND\CBUILDER6\LIB\CW32.LIB|mbsbtype ACBP=A9
 0001:00007928 00000054 C=CODE    S=_TEXT    G=(none)   M=C:\PROGRAM FILES\BORLAND\CBUILDER6\LIB\CW32.LIB|mbsnbcpy ACBP=A9
 0001:0000797C 00000056 C=CODE    S=_TEXT    G=(none)   M=C:\PROGRAM FILES\BORLAND\CBUILDER6\LIB\CW32.LIB|mbsrchr ACBP=A9
 0001:000079D4 0000001D C=CODE    S=_TEXT    G=(none)   M=C:\PROGRAM FILES\BORLAND\CBUILDER6\LIB\CW32.LIB|mbtoupr ACBP=A9
 0001:000079F4 000000A6 C=CODE    S=_TEXT    G=(none)   M=C:\PROGRAM FILES\BORLAND\CBUILDER6\LIB\CW32.LIB|assert ACBP=A9
 0001:00007A9C 000000B8 C=CODE    S=_TEXT    G=(none)   M=C:\PROGRAM FILES\BORLAND\CBUILDER6\LIB\CW32.LIB|ermsghlp ACBP=A9
 0001:00007B54 00000006 C=CODE    S=_TEXT    G=(none)   M=C:\PROGRAM FILES\BORLAND\CBUILDER6\LIB\CW32.LIB|errno ACBP=A9
 0001:00007B54 0000019B C=CODE    S=_TEXT    G=(none)   M=C:\PROGRAM FILES\BORLAND\CBUILDER6\LIB\CW32.LIB|errormsg ACBP=A9
 0001:00007CF0 00000089 C=CODE    S=_TEXT    G=(none)   M=C:\PROGRAM FILES\BORLAND\CBUILDER6\LIB\CW32.LIB|platform ACBP=A9
 0001:00007D7C 00000022 C=CODE    S=_TEXT    G=(none)   M=C:\PROGRAM FILES\BORLAND\CBUILDER6\LIB\CW32.LIB|abort ACBP=A9
 0001:00007DA0 000000A7 C=CODE    S=_TEXT    G=(none)   M=C:\PROGRAM FILES\BORLAND\CBUILDER6\LIB\CW32.LIB|exit ACBP=A9
 0001:00007E48 0000001A C=CODE    S=_TEXT    G=(none)   M=C:\PROGRAM FILES\BORLAND\CBUILDER6\LIB\CW32.LIB|initwild ACBP=A9
 0001:00007E64 00000011 C=CODE    S=_TEXT    G=(none)   M=C:\PROGRAM FILES\BORLAND\CBUILDER6\LIB\CW32.LIB|exparg ACBP=A9
 0001:00007E78 00000011 C=CODE    S=_TEXT    G=(none)   M=C:\PROGRAM FILES\BORLAND\CBUILDER6\LIB\CW32.LIB|wexparg ACBP=A9
 0001:00007E8C 00000027 C=CODE    S=_TEXT    G=(none)   M=C:\PROGRAM FILES\BORLAND\CBUILDER6\LIB\CW32.LIB|initargv ACBP=A9
 0001:00007EB4 0000016C C=CODE    S=_TEXT    G=(none)   M=C:\PROGRAM FILES\BORLAND\CBUILDER6\LIB\CW32.LIB|setargv ACBP=A9
 0001:00008020 000001E5 C=CODE    S=_TEXT    G=(none)   M=C:\PROGRAM FILES\BORLAND\CBUILDER6\LIB\CW32.LIB|hsargv ACBP=A9
 0001:00008208 00000227 C=CODE    S=_TEXT    G=(none)   M=C:\PROGRAM FILES\BORLAND\CBUILDER6\LIB\CW32.LIB|whsargv ACBP=A9
 0001:00008430 00000045 C=CODE    S=_TEXT    G=(none)   M=C:\PROGRAM FILES\BORLAND\CBUILDER6\LIB\CW32.LIB|setargv0 ACBP=A9
 0001:00008478 000001A0 C=CODE    S=_TEXT    G=(none)   M=C:\PROGRAM FILES\BORLAND\CBUILDER6\LIB\CW32.LIB|setenvp ACBP=A9
 0001:00008618 000002F8 C=CODE    S=_TEXT    G=(none)   M=C:\PROGRAM FILES\BORLAND\CBUILDER6\LIB\CW32.LIB|signal ACBP=A9
 0001:00008910 00000157 C=CODE    S=_TEXT    G=(none)   M=C:\PROGRAM FILES\BORLAND\CBUILDER6\LIB\CW32.LIB|initexit ACBP=A9
 0001:00008A68 000001A4 C=CODE    S=_TEXT    G=(none)   M=C:\PROGRAM FILES\BORLAND\CBUILDER6\LIB\CW32.LIB|startup ACBP=A9
 0001:00008C0C 0000004F C=CODE    S=_TEXT    G=(none)   M=C:\PROGRAM FILES\BORLAND\CBUILDER6\LIB\CW32.LIB|tlsstat ACBP=A9
 0001:00008C5C 00001BA2 C=CODE    S=_TEXT    G=(none)   M=C:\PROGRAM FILES\BORLAND\CBUILDER6\LIB\CW32.LIB|xx ACBP=A9
 0002:00000000 000000A4 C=DATA    S=_DATA    G=DGROUP   M=C:\PROGRAM FILES\BORLAND\CBUILDER6\LIB\C0X32.OBJ ACBP=A9
 0002:000000A4 000000CC C=DATA    S=_DATA    G=DGROUP   M=D:\”◊≈¡¿\RESHIMNA5\1327\1. œ–Œ√–¿ÃÃ¿\MAIN.OBJ ACBP=A9
 0002:00000170 00000070 C=DATA    S=_DATA    G=DGROUP   M=C:\PROGRAM FILES\BORLAND\CBUILDER6\LIB\CW32.LIB|new ACBP=A9
 0002:000001E0 00000088 C=DATA    S=_DATA    G=DGROUP   M=C:\PROGRAM FILES\BORLAND\CBUILDER6\LIB\CW32.LIB|setnew ACBP=A9
 0002:00000254 00000004 C=DATA    S=_DATA    G=DGROUP   M=C:\PROGRAM FILES\BORLAND\CBUILDER6\LIB\CW32.LIB|virtmem ACBP=A9
 0002:00000258 00000098 C=DATA    S=_DATA    G=DGROUP   M=C:\PROGRAM FILES\BORLAND\CBUILDER6\LIB\CW32.LIB|hrdir_b ACBP=A9
 0002:000002F0 00000020 C=DATA    S=_DATA    G=DGROUP   M=C:\PROGRAM FILES\BORLAND\CBUILDER6\LIB\CW32.LIB|hrdir_s ACBP=A9
 0002:00000310 00000040 C=DATA    S=_DATA    G=DGROUP   M=C:\PROGRAM FILES\BORLAND\CBUILDER6\LIB\CW32.LIB|heap ACBP=A9
 0002:00000350 00000070 C=DATA    S=_DATA    G=DGROUP   M=C:\PROGRAM FILES\BORLAND\CBUILDER6\LIB\CW32.LIB|predecl ACBP=A9
 0002:000003C0 00000095 C=DATA    S=_DATA    G=DGROUP   M=C:\PROGRAM FILES\BORLAND\CBUILDER6\LIB\CW32.LIB|stdexcpt ACBP=A9
 0002:00000454 00000004 C=DATA    S=_DATA    G=DGROUP   M=C:\PROGRAM FILES\BORLAND\CBUILDER6\LIB\CW32.LIB|xx_xpf ACBP=A9
 0002:00000458 00000348 C=DATA    S=_DATA    G=DGROUP   M=C:\PROGRAM FILES\BORLAND\CBUILDER6\LIB\CW32.LIB|xxtype ACBP=A9
 0002:000007A0 0000003C C=DATA    S=_DATA    G=DGROUP   M=C:\PROGRAM FILES\BORLAND\CBUILDER6\LIB\CW32.LIB|xxut ACBP=A9
 0002:000007DC 000000E4 C=DATA    S=_DATA    G=DGROUP   M=C:\PROGRAM FILES\BORLAND\CBUILDER6\LIB\CW32.LIB|xxv ACBP=A9
 0002:000008C0 00000014 C=DATA    S=_DATA    G=DGROUP   M=C:\PROGRAM FILES\BORLAND\CBUILDER6\LIB\CW32.LIB|except ACBP=A9
 0002:000008D4 00000004 C=DATA    S=_DATA    G=DGROUP   M=C:\PROGRAM FILES\BORLAND\CBUILDER6\LIB\CW32.LIB|_cfinfo ACBP=A9
 0002:000008D8 00000004 C=DATA    S=_DATA    G=DGROUP   M=C:\PROGRAM FILES\BORLAND\CBUILDER6\LIB\CW32.LIB|_umask ACBP=A9
 0002:000008DC 00000004 C=DATA    S=_DATA    G=DGROUP   M=C:\PROGRAM FILES\BORLAND\CBUILDER6\LIB\CW32.LIB|cfinfo ACBP=A9
 0002:000008E0 000004B0 C=DATA    S=_DATA    G=DGROUP   M=C:\PROGRAM FILES\BORLAND\CBUILDER6\LIB\CW32.LIB|files ACBP=A9
 0002:00000D90 000000CC C=DATA    S=_DATA    G=DGROUP   M=C:\PROGRAM FILES\BORLAND\CBUILDER6\LIB\CW32.LIB|files2 ACBP=A9
 0002:00000E5C 00000004 C=DATA    S=_DATA    G=DGROUP   M=C:\PROGRAM FILES\BORLAND\CBUILDER6\LIB\CW32.LIB|findfrst ACBP=A9
 0002:00000E60 00000004 C=DATA    S=_DATA    G=DGROUP   M=C:\PROGRAM FILES\BORLAND\CBUILDER6\LIB\CW32.LIB|fmode ACBP=A9
 0002:00000E64 00000004 C=DATA    S=_DATA    G=DGROUP   M=C:\PROGRAM FILES\BORLAND\CBUILDER6\LIB\CW32.LIB|fmodeptr ACBP=A9
 0002:00000E68 0000012B C=DATA    S=_DATA    G=DGROUP   M=C:\PROGRAM FILES\BORLAND\CBUILDER6\LIB\CW32.LIB|ioerror ACBP=A9
 0002:00000F94 0000000C C=DATA    S=_DATA    G=DGROUP   M=C:\PROGRAM FILES\BORLAND\CBUILDER6\LIB\CW32.LIB|mkname ACBP=A9
 0002:00000FA0 0000047C C=DATA    S=_DATA    G=DGROUP   M=C:\PROGRAM FILES\BORLAND\CBUILDER6\LIB\CW32.LIB|perror ACBP=A9
 0002:0000141C 00000076 C=DATA    S=_DATA    G=DGROUP   M=C:\PROGRAM FILES\BORLAND\CBUILDER6\LIB\CW32.LIB|vprinter ACBP=A9
 0002:00001494 00000202 C=DATA    S=_DATA    G=DGROUP   M=C:\PROGRAM FILES\BORLAND\CBUILDER6\LIB\CW32.LIB|bigctype ACBP=A9
 0002:00001698 00000100 C=DATA    S=_DATA    G=DGROUP   M=C:\PROGRAM FILES\BORLAND\CBUILDER6\LIB\CW32.LIB|cupper ACBP=A9
 0002:00001798 00000260 C=DATA    S=_DATA    G=DGROUP   M=C:\PROGRAM FILES\BORLAND\CBUILDER6\LIB\CW32.LIB|clocale ACBP=A9
 0002:000019F8 000000C0 C=DATA    S=_DATA    G=DGROUP   M=C:\PROGRAM FILES\BORLAND\CBUILDER6\LIB\CW32.LIB|_pow10 ACBP=A9
 0002:00001AB8 00000068 C=DATA    S=_DATA    G=DGROUP   M=C:\PROGRAM FILES\BORLAND\CBUILDER6\LIB\CW32.LIB|cvtfak ACBP=A9
 0002:00001B20 00000068 C=DATA    S=_DATA    G=DGROUP   M=C:\PROGRAM FILES\BORLAND\CBUILDER6\LIB\CW32.LIB|cvtfakw ACBP=A9
 0002:00001B88 00000004 C=DATA    S=_DATA    G=DGROUP   M=C:\PROGRAM FILES\BORLAND\CBUILDER6\LIB\CW32.LIB|deflt87 ACBP=A9
 0002:00001B8C 0000007C C=DATA    S=_DATA    G=DGROUP   M=C:\PROGRAM FILES\BORLAND\CBUILDER6\LIB\CW32.LIB|hugeval ACBP=A9
 0002:00001C08 00000008 C=DATA    S=_DATA    G=DGROUP   M=C:\PROGRAM FILES\BORLAND\CBUILDER6\LIB\CW32.LIB|initcvt ACBP=A9
 0002:00001C10 00000008 C=DATA    S=_DATA    G=DGROUP   M=C:\PROGRAM FILES\BORLAND\CBUILDER6\LIB\CW32.LIB|mathptr ACBP=A9
 0002:00001C18 00000014 C=DATA    S=_DATA    G=DGROUP   M=C:\PROGRAM FILES\BORLAND\CBUILDER6\LIB\CW32.LIB|realcvt ACBP=A9
 0002:00001C2C 00000028 C=DATA    S=_DATA    G=DGROUP   M=C:\PROGRAM FILES\BORLAND\CBUILDER6\LIB\CW32.LIB|realcvtw ACBP=A9
 0002:00001C54 00000028 C=DATA    S=_DATA    G=DGROUP   M=C:\PROGRAM FILES\BORLAND\CBUILDER6\LIB\CW32.LIB|scantod ACBP=A9
 0002:00001C7C 00000028 C=DATA    S=_DATA    G=DGROUP   M=C:\PROGRAM FILES\BORLAND\CBUILDER6\LIB\CW32.LIB|scanwtod ACBP=A9
 0002:00001CA4 00000048 C=DATA    S=_DATA    G=DGROUP   M=C:\PROGRAM FILES\BORLAND\CBUILDER6\LIB\CW32.LIB|mbctype ACBP=A9
 0002:00001CEC 00000024 C=DATA    S=_DATA    G=DGROUP   M=C:\PROGRAM FILES\BORLAND\CBUILDER6\LIB\CW32.LIB|assert ACBP=A9
 0002:00001D10 00000024 C=DATA    S=_DATA    G=DGROUP   M=C:\PROGRAM FILES\BORLAND\CBUILDER6\LIB\CW32.LIB|ermsghlp ACBP=A9
 0002:00001D34 00000004 C=DATA    S=_DATA    G=DGROUP   M=C:\PROGRAM FILES\BORLAND\CBUILDER6\LIB\CW32.LIB|errno ACBP=A9
 0002:00001D38 00000010 C=DATA    S=_DATA    G=DGROUP   M=C:\PROGRAM FILES\BORLAND\CBUILDER6\LIB\CW32.LIB|errormsg ACBP=A9
 0002:00001D48 00000028 C=DATA    S=_DATA    G=DGROUP   M=C:\PROGRAM FILES\BORLAND\CBUILDER6\LIB\CW32.LIB|platform ACBP=A9
 0002:00001D70 00000020 C=DATA    S=_DATA    G=DGROUP   M=C:\PROGRAM FILES\BORLAND\CBUILDER6\LIB\CW32.LIB|abort ACBP=A9
 0002:00001D90 00000004 C=DATA    S=_DATA    G=DGROUP   M=C:\PROGRAM FILES\BORLAND\CBUILDER6\LIB\CW32.LIB|patexit ACBP=A9
 0002:00001D94 0000000C C=DATA    S=_DATA    G=DGROUP   M=C:\PROGRAM FILES\BORLAND\CBUILDER6\LIB\CW32.LIB|exit ACBP=A9
 0002:00001DA0 00000008 C=DATA    S=_DATA    G=DGROUP   M=C:\PROGRAM FILES\BORLAND\CBUILDER6\LIB\CW32.LIB|saptr ACBP=A9
 0002:00001DA8 00000008 C=DATA    S=_DATA    G=DGROUP   M=C:\PROGRAM FILES\BORLAND\CBUILDER6\LIB\CW32.LIB|wsaptr ACBP=A9
 0002:00001DB0 00000054 C=DATA    S=_DATA    G=DGROUP   M=C:\PROGRAM FILES\BORLAND\CBUILDER6\LIB\CW32.LIB|setargv ACBP=A9
 0002:00001E04 00000028 C=DATA    S=_DATA    G=DGROUP   M=C:\PROGRAM FILES\BORLAND\CBUILDER6\LIB\CW32.LIB|hsargv ACBP=A9
 0002:00001E2C 00000024 C=DATA    S=_DATA    G=DGROUP   M=C:\PROGRAM FILES\BORLAND\CBUILDER6\LIB\CW32.LIB|whsargv ACBP=A9
 0002:00001E50 00000004 C=DATA    S=_DATA    G=DGROUP   M=C:\PROGRAM FILES\BORLAND\CBUILDER6\LIB\CW32.LIB|wildptr ACBP=A9
 0002:00001E54 00000004 C=DATA    S=_DATA    G=DGROUP   M=C:\PROGRAM FILES\BORLAND\CBUILDER6\LIB\CW32.LIB|wwildptr ACBP=A9
 0002:00001E58 00000020 C=DATA    S=_DATA    G=DGROUP   M=C:\PROGRAM FILES\BORLAND\CBUILDER6\LIB\CW32.LIB|setargv0 ACBP=A9
 0002:00001E78 00000054 C=DATA    S=_DATA    G=DGROUP   M=C:\PROGRAM FILES\BORLAND\CBUILDER6\LIB\CW32.LIB|setenvp ACBP=A9
 0002:00001ECC 0000005E C=DATA    S=_DATA    G=DGROUP   M=C:\PROGRAM FILES\BORLAND\CBUILDER6\LIB\CW32.LIB|signal ACBP=A9
 0002:00001F2C 00000004 C=DATA    S=_DATA    G=DGROUP   M=C:\PROGRAM FILES\BORLAND\CBUILDER6\LIB\CW32.LIB|globals ACBP=A9
 0002:00001F30 00000004 C=DATA    S=_DATA    G=DGROUP   M=C:\PROGRAM FILES\BORLAND\CBUILDER6\LIB\CW32.LIB|initexit ACBP=A9
 0002:00001F34 0000088C C=DATA    S=_DATA    G=DGROUP   M=C:\PROGRAM FILES\BORLAND\CBUILDER6\LIB\CW32.LIB|xx ACBP=A9
 0003:00000000 00000004 C=BSS     S=_BSS     G=DGROUP   M=D:\”◊≈¡¿\RESHIMNA5\1327\1. œ–Œ√–¿ÃÃ¿\MAIN.OBJ ACBP=A9
 0003:00000004 00000008 C=BSS     S=_BSS     G=DGROUP   M=C:\PROGRAM FILES\BORLAND\CBUILDER6\LIB\CW32.LIB|setnew ACBP=A9
 0003:0000000C 00000018 C=BSS     S=_BSS     G=DGROUP   M=C:\PROGRAM FILES\BORLAND\CBUILDER6\LIB\CW32.LIB|hrdir_b ACBP=A9
 0003:00000024 00000008 C=BSS     S=_BSS     G=DGROUP   M=C:\PROGRAM FILES\BORLAND\CBUILDER6\LIB\CW32.LIB|predecl ACBP=A9
 0003:0000002C 00000408 C=BSS     S=_BSS     G=DGROUP   M=C:\PROGRAM FILES\BORLAND\CBUILDER6\LIB\CW32.LIB|xxtype ACBP=A9
 0003:00000434 00000008 C=BSS     S=_BSS     G=DGROUP   M=C:\PROGRAM FILES\BORLAND\CBUILDER6\LIB\CW32.LIB|xxv ACBP=A9
 0003:0000043C 00000008 C=BSS     S=_BSS     G=DGROUP   M=C:\PROGRAM FILES\BORLAND\CBUILDER6\LIB\CW32.LIB|except ACBP=A9
 0003:00000444 00000190 C=BSS     S=_BSS     G=DGROUP   M=C:\PROGRAM FILES\BORLAND\CBUILDER6\LIB\CW32.LIB|files2 ACBP=A9
 0003:000005D4 00000104 C=BSS     S=_BSS     G=DGROUP   M=C:\PROGRAM FILES\BORLAND\CBUILDER6\LIB\CW32.LIB|findfrst ACBP=A9
 0003:000006D8 00000004 C=BSS     S=_BSS     G=DGROUP   M=C:\PROGRAM FILES\BORLAND\CBUILDER6\LIB\CW32.LIB|ioerror ACBP=A9
 0003:000006DC 0000000F C=BSS     S=_BSS     G=DGROUP   M=C:\PROGRAM FILES\BORLAND\CBUILDER6\LIB\CW32.LIB|mkname ACBP=A9
 0003:000006EC 00000108 C=BSS     S=_BSS     G=DGROUP   M=C:\PROGRAM FILES\BORLAND\CBUILDER6\LIB\CW32.LIB|mbctype ACBP=A9
 0003:000007F4 00000100 C=BSS     S=_BSS     G=DGROUP   M=C:\PROGRAM FILES\BORLAND\CBUILDER6\LIB\CW32.LIB|assert ACBP=A9
 0003:000008F4 00000019 C=BSS     S=_BSS     G=DGROUP   M=C:\PROGRAM FILES\BORLAND\CBUILDER6\LIB\CW32.LIB|ermsghlp ACBP=A9
 0003:00000910 00000004 C=BSS     S=_BSS     G=DGROUP   M=C:\PROGRAM FILES\BORLAND\CBUILDER6\LIB\CW32.LIB|platform ACBP=A9
 0003:00000914 0000000C C=BSS     S=_BSS     G=DGROUP   M=C:\PROGRAM FILES\BORLAND\CBUILDER6\LIB\CW32.LIB|setargv ACBP=A9
 0003:00000920 00000004 C=BSS     S=_BSS     G=DGROUP   M=C:\PROGRAM FILES\BORLAND\CBUILDER6\LIB\CW32.LIB|hsargv ACBP=A9
 0003:00000924 00000004 C=BSS     S=_BSS     G=DGROUP   M=C:\PROGRAM FILES\BORLAND\CBUILDER6\LIB\CW32.LIB|whsargv ACBP=A9
 0003:00000928 00000010 C=BSS     S=_BSS     G=DGROUP   M=C:\PROGRAM FILES\BORLAND\CBUILDER6\LIB\CW32.LIB|setenvp ACBP=A9
 0003:00000938 00000040 C=BSS     S=_BSS     G=DGROUP   M=C:\PROGRAM FILES\BORLAND\CBUILDER6\LIB\CW32.LIB|globals ACBP=A9
 0003:00000978 00000010 C=BSS     S=_BSS     G=DGROUP   M=C:\PROGRAM FILES\BORLAND\CBUILDER6\LIB\CW32.LIB|xx ACBP=A9
 0004:00000000 0000009C C=TLS     S=_TLS     G=DGROUP   M=C:\PROGRAM FILES\BORLAND\CBUILDER6\LIB\CW32.LIB|xxv ACBP=A9

 Address Publics by Name

 0001:000005A0  @$bdele$qpv
 0001:000005B0  @$bdla$qpv
 0001:000005D4  @$bnew$qui
 0001:00000778  @$bnwa$qui
 0001:00001840  @$xt$12std@bad_cast
 0001:00000664  @$xt$13std@bad_alloc
 0001:00000714  @$xt$13std@exception
 0001:000027CC  @$xt$13std@type_info
 0001:00001898  @$xt$14std@bad_typeid
 0001:00002818  @$xt$14type_info_hash
 0001:000006FC  @$xt$p13std@bad_alloc
 0003:000006EC  @B1431_2
 0003:000007F4  @B1567_2
 0003:000008F4  @B1583_2
 0003:00000910  @B1595_2
 0003:00000914  @B1677_2
 0003:00000920  @B1679_2
 0003:00000924  @B1681_2
 0003:00000928  @B1753_2
 0003:00000938  @B1775_1
 0003:00000004  @B185_2
 0003:00000978  @B1873_2
 0003:0000000C  @B207_2
 0003:00000024  @B251_2
 0003:00000000  @B2_2
 0003:0000002C  @B521_2
 0003:00000434  @B525_2
 0003:0000043C  @B531_2
 0003:00000444  @B721_1
 0003:000005D4  @B723_2
 0003:000006D8  @B799_2
 0003:000006DC  @B823_2
 0001:000050D0  @C1003_0
 0001:00005100  @C1005_0
 0001:00005128  @C1019_0
 0001:0000517C  @C1027_0
 0001:00005280  @C1029_0
 0001:00005384  @C1031_0
 0001:000053C8  @C1033_0
 0001:00005420  @C1075_0
 0001:00005474  @C1079_0
 0001:00005944  @C1131_0
 0001:00005B44  @C1171_0
 0001:00005CCC  @C1207_0
 0001:00005CE0  @C1221_0
 0001:00005D10  @C1223_0
 0001:00005D28  @C1227_0
 0001:00005D40  @C1229_0
 0001:00005D58  @C1269_0
 0001:00005D70  @C1277_0
 0001:00005DA0  @C1279_0
 0001:00005DC4  @C1281_0
 0001:00005DD8  @C1297_0
 0001:00005E8C  @C1307_0
 0001:00005FA4  @C1317_0
 0001:00006034  @C1325_0
 0001:000060AC  @C1329_0
 0001:000060D8  @C1331_0
 0001:00006108  @C1333_0
 0001:00006120  @C1355_0
 0001:00006148  @C1357_0
 0001:00006178  @C1361_0
 0001:00006474  @C1363_0
 0001:000067A8  @C1371_0
 0001:00006C8C  @C1373_0
 0001:0000716C  @C1417_0
 0001:00007440  @C1419_0
 0001:00007734  @C1423_0
 0001:000077A0  @C1431_0
 0001:000078CC  @C1431_3
 0001:000078DC  @C1453_0
 0001:000078F8  @C1463_0
 0001:00007928  @C1491_0
 0001:0000797C  @C1515_0
 0001:000079D4  @C1539_0
 0001:000079F4  @C1567_0
 0001:00007A9C  @C1583_0
 0001:00007B54  @C1587_0
 0001:00007CF0  @C1595_0
 0001:00007CF0  @C1595_3
 0001:00007D7C  @C1615_0
 0001:00007DA0  @C1653_0
 0001:00007E48  @C1661_0
 0001:00007E64  @C1663_0
 0001:00007E78  @C1665_0
 0001:00007E8C  @C1671_0
 0001:00007EB4  @C1677_0
 0001:00007EB4  @C1677_3
 0001:00007F3C  @C1677_4
 0001:00008020  @C1679_0
 0001:00008208  @C1681_0
 0001:00008430  @C1739_0
 0001:00008430  @C1739_2
 0001:00008468  @C1739_3
 0001:00008478  @C1753_0
 0001:000085F8  @C1753_3
 0001:00008478  @C1753_4
 0001:00008618  @C1757_0
 0001:00000574  @C175_0
 0001:00008910  @C1777_0
 0001:00008A68  @C1779_0
 0001:000005A0  @C177_0
 0001:00008C0C  @C1793_0
 0001:000005B0  @C179_0
 0001:000005C0  @C181_0
 0001:00000778  @C183_0
 0001:00000788  @C185_0
 0001:000007DC  @C185_3
 0001:000007E8  @C185_4
 0001:00000828  @C185_5
 0001:00008C5C  @C1873_0
 0001:00008C5C  @C1873_3
 0001:000000B4  @C1_0
 0001:0000085C  @C205_0
 0001:00000970  @C207_0
 0001:00000A10  @C213_0
 0001:00000A30  @C215_0
 0001:00000A48  @C217_0
 0001:00000AE4  @C217_2
 0001:00000B00  @C219_0
 0001:00000B04  @C223_0
 0001:000014D0  @C243_0
 0001:00001764  @C245_0
 0001:00001768  @C249_0
 0001:0000176C  @C251_0
 0001:0000179C  @C251_3
 0001:000017F8  @C251_4
 0001:000019F4  @C393_0
 0001:00001A18  @C397_0
 0001:00001A64  @C399_0
 0001:00001AF0  @C401_0
 0001:00001B08  @C415_0
 0001:00001B44  @C421_0
 0001:00001B74  @C423_0
 0001:00001BD0  @C425_0
 0001:00001C40  @C441_0
 0001:00001CAC  @C447_0
 0001:00001CE0  @C473_0
 0001:00001D18  @C475_0
 0001:00001D30  @C477_0
 0001:00001D70  @C517_0
 0001:00001DE0  @C521_0
 0001:00002293  @C521_3
 0001:00001F37  @C521_4
 0001:000022BE  @C521_5
 0001:00002938  @C525_0
 0001:00002938  @C525_4
 0001:00002A84  @C527_0
 0001:00002A90  @C531_0
 0001:00002BCC  @C531_3
 0001:00002BE4  @C531_4
 0001:00002C0C  @C535_0
 0001:00002C54  @C537_0
 0001:00002C78  @C541_0
 0001:00002CB4  @C543_0
 0001:00002D14  @C553_0
 0001:00002D5C  @C555_0
 0001:00002DD4  @C557_0
 0001:00002FD0  @C565_0
 0001:000030EC  @C567_0
 0001:00003100  @C585_0
 0001:00003138  @C641_0
 0001:0000319C  @C643_0
 0001:000031A4  @C645_0
 0001:00003224  @C649_0
 0001:000032B4  @C681_0
 0001:000033A0  @C699_0
 0001:00003430  @C707_0
 0001:000034B0  @C723_0
 0001:000034B0  @C723_3
 0001:000037F4  @C729_0
 0001:00003850  @C733_0
 0001:00003874  @C737_0
 0001:0000387C  @C739_0
 0001:00003A5C  @C741_0
 0001:00003A80  @C747_0
 0001:00003B5C  @C765_0
 0001:00003C9C  @C773_0
 0001:00003D70  @C785_0
 0001:00003D9C  @C797_0
 0001:00004058  @C799_0
 0001:000040D0  @C813_0
 0001:000041E0  @C823_0
 0001:00004274  @C833_0
 0001:00004298  @C877_0
 0001:000042E8  @C885_0
 0001:000045B0  @C899_0
 0001:0000466C  @C899_1
 0001:000046C8  @C915_0
 0001:000046E4  @C927_0
 0002:00001494  @D1007_0
 0002:00001698  @D1017_0
 0002:00001798  @D1037_0
 0002:000019F8  @D1171_1
 0002:00001AB8  @D1227_1
 0002:00001B20  @D1229_1
 0002:00001B88  @D1231_0
 0002:00001B8C  @D1285_0
 0002:00001C08  @D1295_0
 0002:00001C10  @D1333_1
 0002:00001C18  @D1361_1
 0002:00001C2C  @D1363_1
 0002:00001C54  @D1371_1
 0002:00001C7C  @D1373_1
 0002:00001CA4  @D1431_1
 0002:00001CEC  @D1567_1
 0002:00001D10  @D1583_1
 0002:00001D34  @D1585_1
 0002:00001D38  @D1587_1
 0002:00001D48  @D1595_1
 0002:00001D70  @D1615_1
 0002:00001D90  @D1617_0
 0002:00001D94  @D1653_1
 0002:00001DA0  @D1673_0
 0002:00001DA8  @D1675_0
 0002:00001DB0  @D1677_1
 0002:00001E04  @D1679_1
 0002:00001E2C  @D1681_1
 0002:00001E50  @D1735_0
 0002:00001E54  @D1737_0
 0002:00001E58  @D1739_1
 0002:00001E78  @D1753_1
 0002:00001ECC  @D1757_1
 0002:00001F2C  @D1775_0
 0002:00001F30  @D1777_1
 0002:00000170  @D181_1
 0002:000001E0  @D185_1
 0002:00001F34  @D1873_1
 0002:00000000  @D1_1
 0002:00000254  @D205_1
 0002:00000258  @D207_1
 0002:000002F0  @D217_1
 0002:00000310  @D223_1
 0002:00000350  @D251_1
 0002:000000A4  @D2_1
 0002:000003C0  @D313_1
 0002:00000454  @D519_0
 0002:00000458  @D521_1
 0002:000007A0  @D523_1
 0002:000007DC  @D525_1
 0002:000008C0  @D531_1
 0002:000008D4  @D567_1
 0002:000008D8  @D621_1
 0002:000008DC  @D647_0
 0002:000008E0  @D719_0
 0002:00000D90  @D721_0
 0002:00000E5C  @D723_1
 0002:00000E60  @D731_0
 0002:00000E64  @D733_1
 0002:00000E68  @D799_1
 0002:00000F94  @D823_1
 0002:00000FA0  @D831_1
 0002:0000141C  @D927_1
 0001:000001F4  @Sysinit@@GetTls$qqrv
 0004:00000000  @T525_3
 0002:0000088C  @_$CHVC$@__call_terminate$qv
 0002:000007A8  @_$CHVC$@std@terminate$qv
 0002:00000430  @_$DCTFE$@std@bad_alloc@$bdtr$qv
 0002:00000388  @_$ECTTN$@std@bad_typeid@$bdtr$qv
 0002:00000440  @_$ECTUFE$@std@bad_alloc@$bdtr$qv
 0002:00000390  @_$ECTUN$@std@bad_cast@$bdtr$qv
 0002:00000778  @_$ECTWC$@__GetTypeInfo$qpvt1t1
 0002:000008AC  @_$ECTWC$@__call_terminate$qv
 0002:000007C8  @_$ECTWC$@std@terminate$qv
 0001:00009488  @_CatchCleanup$qv
 0001:00002898  @_InitTermAndUnexPtrs$qv
 0001:000092E1  @_ReThrowException$quipuc
 0001:000092AC  @_ThrowExceptionLDTC$qpvt1t1t1uiuiuipuct1
 0001:00001DA9  @__ExitExceptBlock
 0001:00002598  @__GetTypeInfo$qpvt1t1
 0001:00001D70  @__InitExceptBlockLDTC
 0001:00002750  @__adjustClassAdr$qpvp4tpidt2
 0001:000023F4  @__isCompatTypeID$qp4tpidt1ipp4tpid
 0001:00002318  @__isSameTypeID$qp4tpidt1
 0002:000003C8  @__rwstd@__rw_stdexcept_BadAllocException
 0002:000003C4  @__rwstd@__rw_stdexcept_BadException
 0002:000003CC  @__rwstd@__rw_stdexcept_Error
 0002:000003C0  @__rwstd@__rw_stdexcept_NoNamedException
 0001:000022E0  @__typeIDname$qp4tpid
 0001:000008C8  @_virt_alloc
 0001:000008F0  @_virt_commit
 0001:0000093C  @_virt_decommit
 0001:00000954  @_virt_release
 0001:0000085C  @_virt_reserve
 0001:00002C6F  @invokeHnd$qv
 0001:00002C54  @jump$qv
 0001:000002D4  @seach_dir$qpc
 0001:000006BC  @std@bad_alloc@$bctr$qrx13std@bad_alloc
 0001:00001998  @std@bad_alloc@$bdtr$qv
 0002:000001CC  @std@bad_alloc@3
 0001:0000076C  @std@bad_alloc@what$xqv
 0001:00001934  @std@bad_cast@$bdtr$qv
 0002:000003AC  @std@bad_cast@3
 0001:000026D0  @std@bad_typeid@$bctr$qrx14std@bad_typeid
 0001:000018F0  @std@bad_typeid@$bdtr$qv
 0002:00000398  @std@bad_typeid@3
 0001:00001978  @std@exception@$bdtr$qv
 0002:000001B8  @std@exception@3
 0001:00000760  @std@exception@what$xqv
 0001:000005C0  @std@set_new_handler$qpqv$v
 0001:000028C0  @std@terminate$qv
 0001:00002504  @std@type_info@$bdtr$qv
 0001:00002524  @std@type_info@$beql$xqrx13std@type_info
 0002:00000790  @std@type_info@3
 0001:000026E8  @std@type_info@name$xqv
 0001:00002910  @std@unexpected$qv
 0001:00002870  @type_info_hash@$bdtr$qv
 0002:00000780  @type_info_hash@3
 0002:000018A8  _CLOCALE
 0002:00001798  _CMonetary
 0002:000017CC  _CNumeric
 0002:000017E4  _CTimeDate
 0003:00000938  __C0argc
 0003:0000093C  __C0argv
 0003:00000940  __C0environ
 0001:0000A7AA  __CurrExcContext
 0003:00000434  __DestructorCountPtr
 0001:00007CD8  __ErrorExit
 0001:00007BAC  __ErrorMessage
 0001:00007AEC  __ErrorMessageHelper
 0003:00000958  __ExcRegPtr
 0001:00002A10  __ExceptInit
 0002:00000878  __ExceptVarsSize
 0001:00001DB7  __ExceptionHandler
 0001:0000010D  __GetExceptDLLinfo
 0001:00002A5C  __GetExceptDLLinfoInternal
 0001:0000934C  __Global_unwind
 0003:0000043C  __HandlerPtr
 0001:00002BF8  __InitDefaultHander
 0001:000099B8  __Local_unwind
 0002:0000009C  __PackageInfoTable
 0001:000099CB  __Return_unwind
 0001:00002C0C  __SetExceptionHandler
 0001:00002BAC  __SetUserHandler
 0002:0000008B  __TLS_index
 0002:0000008F  __TLS_index4
 0001:00002C21  __UnsetExceptionHandler
 0001:00002C4D  __UnwindException
 0003:00000440  __UserHandlerPtr
 0002:00000098  ___CPPdebugHook
 0002:00000098  ___CPPdebugHook_segment
 0002:000007DC  ___CPPexceptionList
 0001:00000A0C  ___CRTL_MEM_CheckBorMem
 0001:00000990  ___CRTL_MEM_GetBorMemPtrs
 0001:00000A48  ___CRTL_MEM_Revector
 0001:00000B00  ___CRTL_MEM_UseBorMM
 0001:00008C0C  ___CRTL_TLS_Alloc
 0001:00008C50  ___CRTL_TLS_ExitThread
 0001:00008C14  ___CRTL_TLS_Free
 0001:00008C58  ___CRTL_TLS_GetInfo
 0001:00008C24  ___CRTL_TLS_GetValue
 0001:00008C48  ___CRTL_TLS_InitThread
 0001:00008C34  ___CRTL_TLS_SetValue
 0001:00001768  ___CRTL_VCLLIB_Linkage
 0001:00001764  ___CRTL_VCL_Init
 0001:0000409C  ___DOSerror
 0001:00002A84  ___DefHandler
 0001:00007CC8  ___ErrorMessage
 0002:000007F8  ___ExceptStaticXbuff
 0001:00004058  ___IOerror
 0001:00008C87  ___JumpToCatch__
 0001:000040BC  ___NTerror
 0001:000001F4  ___System__GetTls
 0001:00009A2C  ____ExceptionHandler
 0001:00002C78  ___access
 0002:0000034C  ___allocated
 0003:00000008  ___bad_alloc
 0001:00002964  ___call_terminate
 0001:000029D8  ___call_unexpected
 0001:00002CB4  ___close
 0002:00001F34  ___debuggerDisableTerminateCallback
 0001:00002C5A  ___doGlobalUnwind
 0002:000007E0  ___exceptFlags
 0002:000007F4  ___exceptMemAllocVars
 0002:000007F0  ___exceptStaticBuffP
 0003:000006D4  ___ffblk_handle_list
 0001:00003A80  ___fputn
 0001:000034D0  ___get_handle
 0001:00003A04  ___getfp
 0002:00001BD0  ___ieee_64_n_inf
 0002:00001BE0  ___ieee_64_n_nanq
 0002:00001BF0  ___ieee_64_n_nans
 0002:00001C00  ___ieee_64_n_zero
 0002:00001BC8  ___ieee_64_p_inf
 0002:00001BD8  ___ieee_64_p_nanq
 0002:00001BE8  ___ieee_64_p_nans
 0002:00001BF8  ___ieee_64_p_zero
 0001:00005DD8  ___int64toa
 0002:0000007D  ___isDLL
 0002:00000044  ___isGUI
 0002:0000007C  ___isVCLPackage
 0001:00002D14  ___isatty
 0001:00002D44  ___isatty_osfhandle
 0001:00005384  ___isctype
 0001:000053C8  ___iswctype
 0001:00005E8C  ___ldtrunc
 0002:000018D4  ___locale
 0001:00005FA4  ___longtoa
 0001:00002D5C  ___lseek
 0001:000041E0  ___mkname
 0001:00005D16  ___nextreal
 0001:00002DD4  ___open
 0001:00003958  ___openfp
 0001:000032B4  ___org__dos_getdrive
 0001:000032F8  ___org__dos_setdrive
 0001:000014D0  ___org__expand
 0001:00003C9C  ___org__fullpath
 0001:000060AC  ___org__matherr
 0001:000060D8  ___org__matherrl
 0001:00001748  ___org__msize
 0001:00003138  ___org__rtl_write
 0001:0000458C  ___org__splitpath
 0001:00003180  ___org__write
 0001:0000319C  ___org_access
 0001:00000574  ___org_calloc
 0001:00003224  ___org_chdir
 0001:000005A0  ___org_delete
 0001:000005B0  ___org_deletea
 0001:000033A0  ___org_fclose
 0001:00003430  ___org_fflush
 0001:000035FC  ___org_findclose
 0001:00003538  ___org_findfirst
 0001:00003690  ___org_findnext
 0001:00003874  ___org_fnsplit
 0001:00003A30  ___org_fopen
 0001:00003A5C  ___org_fprintf
 0001:000040D0  ___org_fputc
 0001:00000A20  ___org_free
 0001:00003BB8  ___org_fseek
 0001:00003C1C  ___org_ftell
 0001:00006034  ___org_itoa
 0001:00000A10  ___org_malloc
 0001:00005474  ___org_mblen
 0001:00005638  ___org_mbstowcs
 0001:000054F0  ___org_mbtowc
 0001:00001C40  ___org_memcmp
 0001:000019F4  ___org_memcpy
 0001:00001A18  ___org_memmove
 0001:00001A64  ___org_memset
 0001:000005D4  ___org_new
 0001:00000778  ___org_newa
 0001:00004274  ___org_printf
 0001:000088A0  ___org_raise
 0001:00000A30  ___org_realloc
 0001:00004298  ___org_setvbuf
 0001:00001B08  ___org_strcat
 0001:00001B44  ___org_strcpy
 0001:00001CAC  ___org_strdup
 0001:00001B74  ___org_strlen
 0001:00001BD0  ___org_strncat
 0001:00006064  ___org_ultoa
 0001:000057A0  ___org_wcstombs
 0001:000055C4  ___org_wctomb
 0003:0000097C  ___pCPPdebugHook
 0002:00001D90  ___pCallAtExitProcs
 0001:00008EF1  ___raiseDebuggerException
 0001:00005D10  ___realcvt
 0002:000007A0  ___terminatePTR
 0002:000007EC  ___throwExceptionName
 0002:000007E4  ___throwFileName
 0002:000007E8  ___throwLineNumber
 0001:00004230  ___tmpnam
 0002:000007A4  ___unexpectdPTR
 0002:0000008A  ___useDynamicTLS
 0001:00006018  ___utoa
 0001:00004794  ___vprinter
 0001:00002FD0  ___write
 0001:0000716C  ___xcvt
 0001:00007440  ___xcvtw
 0004:00000000  ___xxInfo
 0002:00000454  ___xxPersonality
 0001:00007D7C  __abort
 0001:000000B4  __acrtused
 0001:000031A4  __allocbuf
 0003:0000094C  __argc
 0003:00000914  __argv
 0002:00001E58  __argv0
 0001:00007E64  __argv_default_expand
 0002:00001E50  __argv_expand_ptr
 0001:00007A3C  __assert
 0003:0000000C  __bormm_pfn_FreeMem
 0003:00000010  __bormm_pfn_GetMem
 0003:00000018  __bormm_pfn_HeapAddRef
 0003:0000001C  __bormm_pfn_HeapRelease
 0003:00000014  __bormm_pfn_ReallocMem
 0001:00007E38  __c_exit
 0001:00007E28  __cexit
 0002:000008D4  __cfinfo_get
 0002:00001494  __chartype
 0001:000089FC  __cleanup
 0001:00005CCC  __clear87
 0002:00001E04  __cmdline_escapes
 0001:00005CE0  __control87
 0001:00008920  __create_shmem
 0001:0000645C  __cvt_init
 0001:00006790  __cvt_initw
 0002:00001B88  __default87
 0003:00000950  __dll_table
 0002:00000E68  __dosErrorToSV
 0001:000032B4  __dos_getdrive
 0001:000032F8  __dos_setdrive
 0003:000006D8  __doserrno
 0001:00003DDC  __dup_handle
 0003:00000934  __env_lock
 0003:00000928  __environ
 0003:00000930  __envsize
 0003:0000096C  __exe_table
 0001:00007E10  __exit
 0001:00002BE4  __exit_except
 0001:0000466C  __exit_streams
 0001:00007F3C  __exitargv
 0002:00001DA4  __exitargv_ptr
 0002:00001D94  __exitbuf
 0002:00001D98  __exitfopen
 0002:00001D9C  __exitopen
 0001:000014D0  __expand
 0001:000084AC  __expandblock
 0002:000008DC  __fileinfo
 0002:0000032C  __firstHeap
 0002:00001C0C  __floatconvert
 0001:00003100  __flushall
 0001:000037F4  __flushout
 0002:00000E60  __fmode
 0002:00000E64  __fmodeptr
 0001:000043AC  __fnsplit
 0001:00005D58  __fpreset
 0002:00000338  __freeStart
 0001:00003E44  __free_handle
 0001:00000AF0  __free_heaps
 0001:00005D70  __fuildq
 0001:00005DA0  __fuistq
 0001:00003C9C  __fullpath
 0001:00005DC4  __fxam
 0001:0000011A  __getHInstance
 0001:00005128  __getLocaleNumericInfo
 0001:00003D9C  __get_handle
 0001:000078C4  __getmbcp
 0002:00000093  __hInstance
 0001:00008178  __handle_exitargv
 0001:00008020  __handle_setargv
 0001:0000839C  __handle_wexitargv
 0001:00008208  __handle_wsetargv
 0003:0000050C  __handles
 0002:000002F4  __heap_redirector
 0002:00001B90  __huge_dble
 0002:00001B8C  __huge_flt
 0002:00001B98  __huge_ldble
 0002:00001BB8  __indefinite
 0001:000078CC  __initMBCSTable
 0001:00002BCC  __init_except
 0001:00008928  __init_exit_proc
 0001:00003EFC  __init_handles
 0001:00007E8C  __init_setargv_handlers
 0001:000045B0  __init_streams
 0001:00007E48  __init_wild_handlers
 0001:00003860  __initfileinfo
 0001:00003850  __initfmode
 0001:00006108  __initmatherr
 0001:000010E8  __internal_free
 0001:00001470  __internal_free_heaps
 0001:00001258  __internal_malloc
 0001:000016B0  __internal_realloc
 0001:00000112  __isDLL
 0002:00001F2C  __isWindows
 0001:000078DC  __ismbcspace
 0002:00001CA4  __kalpha
 0002:00001CA6  __kpunct
 0002:00000330  __lastHeap
 0002:00000334  __linktable
 0001:00005967  __lldiv
 0001:00005A28  __llmod
 0001:00005944  __llmul
 0001:00005AF0  __llshl
 0001:00005B0C  __llshr
 0001:000059DF  __lludiv
 0001:00005AA2  __llumod
 0001:00005B28  __llushr
 0001:00006084  __ltoa
 0001:00005420  __ltoupper
 0001:000060AC  __matherr
 0001:000060D8  __matherrl
 0002:00001BA6  __max_dble
 0002:00001BA2  __max_flt
 0002:00001BAE  __max_ldble
 0001:00007734  __mbbtype
 0003:000007F0  __mbcsCodePage
 0001:000079D4  __mbctoupper
 0003:000006EC  __mbctype
 0001:000078F8  __mbsbtype
 0001:00007928  __mbsnbcpy
 0001:0000797C  __mbsrchr
 0002:00001D3C  __messagefile
 0002:00001D38  __messagefunc
 0001:00001748  __msize
 0003:00000004  __new_handler
 0002:00001ABC  __nextrealptr
 0002:00001B24  __nextrealwptr
 0002:00000D90  __nfile
 0002:000008D8  __notUmask
 0002:0000031C  __nv_heap_size
 0002:00000D94  __openfd
 0003:00000944  __oscmd
 0003:00000948  __osenv
 0003:00000910  __ostype
 0001:00001458  __phys_avail
 0003:00000444  __pidtab
 0002:00001C10  __pmatherr
 0002:00001C14  __pmatherrl
 0001:00005B44  __pow10
 0001:00006120  __qdiv10
 0001:00006148  __qmul10
 0002:00001AB8  __realcvtptr
 0002:00001B20  __realcvtwptr
 0002:00000344  __rover
 0001:00003138  __rtl_write
 0001:00006C74  __scan_init
 0001:00007154  __scan_initw
 0001:00005D22  __scanrslt
 0002:00001AC4  __scanrsltptr
 0001:00005D1C  __scantod
 0002:00001AC0  __scantodptr
 0002:00001B2C  __scanwrsltptr
 0002:00001B28  __scanwtodptr
 0001:00007EB4  __setargv
 0002:00001DB0  __setargv__
 0002:00001DA0  __setargv_ptr
 0002:00001E78  __setenvp__
 0001:00002B80  __setexc
 0001:000077A0  __setmbcp
 0002:00000320  __smalloc_threshold
 0001:0000458C  __splitpath
 0001:00008A68  __startup
 0003:00000974  __stkbase
 0002:000008C0  __stkchk
 0001:00001CE0  __stpcpy
 0002:000008E0  __streams
 0002:00000FA0  __sys_errlist
 0002:00001064  __sys_nerr
 0001:00008910  __terminate
 0002:00001BBC  __tiny_ldble
 0003:000006DC  __tmpnum
 0002:00001C08  __turboFloat
 0001:000046C8  __unlink
 0001:00002B9C  __unsetexc
 0001:00002BC0  __unsetuserhandler
 0002:00001698  __upper
 0002:00000324  __virt_chunk_free
 0002:00000328  __virt_chunk_free2
 0002:00000314  __virt_chunk_size
 0002:00000318  __virt_chunk_size2
 0002:00000310  __virt_heap_size
 0003:00000964  __wC0argv
 0003:00000968  __wC0environ
 0001:00007E78  __wargv_default_expand
 0002:00001E54  __wargv_expand_ptr
 0002:00001DAC  __wexitargv_ptr
 0001:00001AF0  __wmemset
 0003:00000960  __woscmd
 0003:0000095C  __wosenv
 0001:00003180  __write
 0002:00001DA8  __wsetargv_ptr
 0001:000050D0  __xfclose
 0001:00005100  __xfflush
 0001:00007D90  _abort
 0001:0000319C  _access
 0001:00000574  _calloc
 0001:00003224  _chdir
 0002:00001D34  _errno
 0001:00007DF8  _exit
 0001:000033A0  _fclose
 0001:00003430  _fflush
 0001:000035FC  _findclose
 0001:00003538  _findfirst
 0001:00003690  _findnext
 0001:00003874  _fnsplit
 0001:00003A30  _fopen
 0001:00003A5C  _fprintf
 0001:000040D0  _fputc
 0001:00000A20  _free
 0001:00003BB8  _fseek
 0001:00003C1C  _ftell
 0001:00003D70  _getdisk
 0001:0000517C  _isalnum
 0001:000051A8  _isalpha
 0001:00005194  _isascii
 0001:000051C0  _iscntrl
 0001:000051D4  _isdigit
 0001:000051E8  _isgraph
 0001:00005200  _islower
 0001:00005214  _isprint
 0001:0000522C  _ispunct
 0001:00005240  _isspace
 0001:00005254  _isupper
 0001:00005280  _iswalnum
 0001:000052AC  _iswalpha
 0001:00005298  _iswascii
 0001:000052C4  _iswcntrl
 0001:000052D8  _iswdigit
 0001:000052EC  _iswgraph
 0001:00005304  _iswlower
 0001:00005318  _iswprint
 0001:00005330  _iswpunct
 0001:00005344  _iswspace
 0001:00005358  _iswupper
 0001:0000536C  _iswxdigit
 0001:00005268  _isxdigit
 0001:00006034  _itoa
 0001:00000204  _main
 0001:00000A10  _malloc
 0001:00005474  _mblen
 0001:00005638  _mbstowcs
 0001:000054F0  _mbtowc
 0001:00001C40  _memcmp
 0001:000019F4  _memcpy
 0001:00001A18  _memmove
 0001:00001A64  _memset
 0003:00000000  _out
 0001:00004274  _printf
 0001:000088A0  _raise
 0001:00000A30  _realloc
 0001:00003D80  _setdisk
 0001:00004298  _setvbuf
 0001:00008840  _signal
 0001:00001B08  _strcat
 0001:00001B44  _strcpy
 0001:00001CAC  _strdup
 0001:00001B74  _strlen
 0001:00001BD0  _strncat
 0001:00006064  _ultoa
 0001:00001D30  _wcscpy
 0001:00001D18  _wcslen
 0001:000057A0  _wcstombs
 0001:000055C4  _wctomb

 Address Publics by Value

 0001:000000B4  @C1_0
 0001:000000B4  __acrtused
 0001:0000010D  __GetExceptDLLinfo
 0001:00000112  __isDLL
 0001:0000011A  __getHInstance
 0001:000001F4  ___System__GetTls
 0001:000001F4  @Sysinit@@GetTls$qqrv
 0001:00000204  _main
 0001:000002D4  @seach_dir$qpc
 0001:00000574  @C175_0
 0001:00000574  _calloc
 0001:00000574  ___org_calloc
 0001:000005A0  @$bdele$qpv
 0001:000005A0  @C177_0
 0001:000005A0  ___org_delete
 0001:000005B0  @$bdla$qpv
 0001:000005B0  @C179_0
 0001:000005B0  ___org_deletea
 0001:000005C0  @std@set_new_handler$qpqv$v
 0001:000005C0  @C181_0
 0001:000005D4  ___org_new
 0001:000005D4  @$bnew$qui
 0001:00000664  @$xt$13std@bad_alloc
 0001:000006BC  @std@bad_alloc@$bctr$qrx13std@bad_alloc
 0001:000006FC  @$xt$p13std@bad_alloc
 0001:00000714  @$xt$13std@exception
 0001:00000760  @std@exception@what$xqv
 0001:0000076C  @std@bad_alloc@what$xqv
 0001:00000778  @$bnwa$qui
 0001:00000778  ___org_newa
 0001:00000778  @C183_0
 0001:00000788  @C185_0
 0001:000007DC  @C185_3
 0001:000007E8  @C185_4
 0001:00000828  @C185_5
 0001:0000085C  @C205_0
 0001:0000085C  @_virt_reserve
 0001:000008C8  @_virt_alloc
 0001:000008F0  @_virt_commit
 0001:0000093C  @_virt_decommit
 0001:00000954  @_virt_release
 0001:00000970  @C207_0
 0001:00000990  ___CRTL_MEM_GetBorMemPtrs
 0001:00000A0C  ___CRTL_MEM_CheckBorMem
 0001:00000A10  @C213_0
 0001:00000A10  _malloc
 0001:00000A10  ___org_malloc
 0001:00000A20  ___org_free
 0001:00000A20  _free
 0001:00000A30  ___org_realloc
 0001:00000A30  _realloc
 0001:00000A30  @C215_0
 0001:00000A48  ___CRTL_MEM_Revector
 0001:00000A48  @C217_0
 0001:00000AE4  @C217_2
 0001:00000AF0  __free_heaps
 0001:00000B00  @C219_0
 0001:00000B00  ___CRTL_MEM_UseBorMM
 0001:00000B04  @C223_0
 0001:000010E8  __internal_free
 0001:00001258  __internal_malloc
 0001:00001458  __phys_avail
 0001:00001470  __internal_free_heaps
 0001:000014D0  ___org__expand
 0001:000014D0  @C243_0
 0001:000014D0  __expand
 0001:000016B0  __internal_realloc
 0001:00001748  __msize
 0001:00001748  ___org__msize
 0001:00001764  ___CRTL_VCL_Init
 0001:00001764  @C245_0
 0001:00001768  ___CRTL_VCLLIB_Linkage
 0001:00001768  @C249_0
 0001:0000176C  @C251_0
 0001:0000179C  @C251_3
 0001:000017F8  @C251_4
 0001:00001840  @$xt$12std@bad_cast
 0001:00001898  @$xt$14std@bad_typeid
 0001:000018F0  @std@bad_typeid@$bdtr$qv
 0001:00001934  @std@bad_cast@$bdtr$qv
 0001:00001978  @std@exception@$bdtr$qv
 0001:00001998  @std@bad_alloc@$bdtr$qv
 0001:000019F4  ___org_memcpy
 0001:000019F4  _memcpy
 0001:000019F4  @C393_0
 0001:00001A18  @C397_0
 0001:00001A18  _memmove
 0001:00001A18  ___org_memmove
 0001:00001A64  ___org_memset
 0001:00001A64  @C399_0
 0001:00001A64  _memset
 0001:00001AF0  __wmemset
 0001:00001AF0  @C401_0
 0001:00001B08  ___org_strcat
 0001:00001B08  _strcat
 0001:00001B08  @C415_0
 0001:00001B44  ___org_strcpy
 0001:00001B44  @C421_0
 0001:00001B44  _strcpy
 0001:00001B74  @C423_0
 0001:00001B74  _strlen
 0001:00001B74  ___org_strlen
 0001:00001BD0  ___org_strncat
 0001:00001BD0  _strncat
 0001:00001BD0  @C425_0
 0001:00001C40  @C441_0
 0001:00001C40  _memcmp
 0001:00001C40  ___org_memcmp
 0001:00001CAC  _strdup
 0001:00001CAC  ___org_strdup
 0001:00001CAC  @C447_0
 0001:00001CE0  @C473_0
 0001:00001CE0  __stpcpy
 0001:00001D18  @C475_0
 0001:00001D18  _wcslen
 0001:00001D30  _wcscpy
 0001:00001D30  @C477_0
 0001:00001D70  @C517_0
 0001:00001D70  @__InitExceptBlockLDTC
 0001:00001DA9  @__ExitExceptBlock
 0001:00001DB7  __ExceptionHandler
 0001:00001DE0  @C521_0
 0001:00001F37  @C521_4
 0001:00002293  @C521_3
 0001:000022BE  @C521_5
 0001:000022E0  @__typeIDname$qp4tpid
 0001:00002318  @__isSameTypeID$qp4tpidt1
 0001:000023F4  @__isCompatTypeID$qp4tpidt1ipp4tpid
 0001:00002504  @std@type_info@$bdtr$qv
 0001:00002524  @std@type_info@$beql$xqrx13std@type_info
 0001:00002598  @__GetTypeInfo$qpvt1t1
 0001:000026D0  @std@bad_typeid@$bctr$qrx14std@bad_typeid
 0001:000026E8  @std@type_info@name$xqv
 0001:00002750  @__adjustClassAdr$qpvp4tpidt2
 0001:000027CC  @$xt$13std@type_info
 0001:00002818  @$xt$14type_info_hash
 0001:00002870  @type_info_hash@$bdtr$qv
 0001:00002898  @_InitTermAndUnexPtrs$qv
 0001:000028C0  @std@terminate$qv
 0001:00002910  @std@unexpected$qv
 0001:00002938  @C525_4
 0001:00002938  @C525_0
 0001:00002964  ___call_terminate
 0001:000029D8  ___call_unexpected
 0001:00002A10  __ExceptInit
 0001:00002A5C  __GetExceptDLLinfoInternal
 0001:00002A84  @C527_0
 0001:00002A84  ___DefHandler
 0001:00002A90  @C531_0
 0001:00002B80  __setexc
 0001:00002B9C  __unsetexc
 0001:00002BAC  __SetUserHandler
 0001:00002BC0  __unsetuserhandler
 0001:00002BCC  __init_except
 0001:00002BCC  @C531_3
 0001:00002BE4  @C531_4
 0001:00002BE4  __exit_except
 0001:00002BF8  __InitDefaultHander
 0001:00002C0C  @C535_0
 0001:00002C0C  __SetExceptionHandler
 0001:00002C21  __UnsetExceptionHandler
 0001:00002C4D  __UnwindException
 0001:00002C54  @jump$qv
 0001:00002C54  @C537_0
 0001:00002C5A  ___doGlobalUnwind
 0001:00002C6F  @invokeHnd$qv
 0001:00002C78  ___access
 0001:00002C78  @C541_0
 0001:00002CB4  ___close
 0001:00002CB4  @C543_0
 0001:00002D14  ___isatty
 0001:00002D14  @C553_0
 0001:00002D44  ___isatty_osfhandle
 0001:00002D5C  ___lseek
 0001:00002D5C  @C555_0
 0001:00002DD4  ___open
 0001:00002DD4  @C557_0
 0001:00002FD0  @C565_0
 0001:00002FD0  ___write
 0001:000030EC  @C567_0
 0001:00003100  __flushall
 0001:00003100  @C585_0
 0001:00003138  ___org__rtl_write
 0001:00003138  @C641_0
 0001:00003138  __rtl_write
 0001:00003180  __write
 0001:00003180  ___org__write
 0001:0000319C  @C643_0
 0001:0000319C  ___org_access
 0001:0000319C  _access
 0001:000031A4  __allocbuf
 0001:000031A4  @C645_0
 0001:00003224  _chdir
 0001:00003224  @C649_0
 0001:00003224  ___org_chdir
 0001:000032B4  ___org__dos_getdrive
 0001:000032B4  @C681_0
 0001:000032B4  __dos_getdrive
 0001:000032F8  __dos_setdrive
 0001:000032F8  ___org__dos_setdrive
 0001:000033A0  ___org_fclose
 0001:000033A0  _fclose
 0001:000033A0  @C699_0
 0001:00003430  @C707_0
 0001:00003430  ___org_fflush
 0001:00003430  _fflush
 0001:000034B0  @C723_3
 0001:000034B0  @C723_0
 0001:000034D0  ___get_handle
 0001:00003538  ___org_findfirst
 0001:00003538  _findfirst
 0001:000035FC  ___org_findclose
 0001:000035FC  _findclose
 0001:00003690  ___org_findnext
 0001:00003690  _findnext
 0001:000037F4  @C729_0
 0001:000037F4  __flushout
 0001:00003850  __initfmode
 0001:00003850  @C733_0
 0001:00003860  __initfileinfo
 0001:00003874  ___org_fnsplit
 0001:00003874  _fnsplit
 0001:00003874  @C737_0
 0001:0000387C  @C739_0
 0001:00003958  ___openfp
 0001:00003A04  ___getfp
 0001:00003A30  ___org_fopen
 0001:00003A30  _fopen
 0001:00003A5C  _fprintf
 0001:00003A5C  @C741_0
 0001:00003A5C  ___org_fprintf
 0001:00003A80  ___fputn
 0001:00003A80  @C747_0
 0001:00003B5C  @C765_0
 0001:00003BB8  _fseek
 0001:00003BB8  ___org_fseek
 0001:00003C1C  ___org_ftell
 0001:00003C1C  _ftell
 0001:00003C9C  __fullpath
 0001:00003C9C  ___org__fullpath
 0001:00003C9C  @C773_0
 0001:00003D70  _getdisk
 0001:00003D70  @C785_0
 0001:00003D80  _setdisk
 0001:00003D9C  @C797_0
 0001:00003D9C  __get_handle
 0001:00003DDC  __dup_handle
 0001:00003E44  __free_handle
 0001:00003EFC  __init_handles
 0001:00004058  @C799_0
 0001:00004058  ___IOerror
 0001:0000409C  ___DOSerror
 0001:000040BC  ___NTerror
 0001:000040D0  ___org_fputc
 0001:000040D0  _fputc
 0001:000040D0  @C813_0
 0001:000041E0  ___mkname
 0001:000041E0  @C823_0
 0001:00004230  ___tmpnam
 0001:00004274  _printf
 0001:00004274  @C833_0
 0001:00004274  ___org_printf
 0001:00004298  _setvbuf
 0001:00004298  @C877_0
 0001:00004298  ___org_setvbuf
 0001:000042E8  @C885_0
 0001:000043AC  __fnsplit
 0001:0000458C  ___org__splitpath
 0001:0000458C  __splitpath
 0001:000045B0  __init_streams
 0001:000045B0  @C899_0
 0001:0000466C  __exit_streams
 0001:0000466C  @C899_1
 0001:000046C8  __unlink
 0001:000046C8  @C915_0
 0001:000046E4  @C927_0
 0001:00004794  ___vprinter
 0001:000050D0  @C1003_0
 0001:000050D0  __xfclose
 0001:00005100  __xfflush
 0001:00005100  @C1005_0
 0001:00005128  @C1019_0
 0001:00005128  __getLocaleNumericInfo
 0001:0000517C  _isalnum
 0001:0000517C  @C1027_0
 0001:00005194  _isascii
 0001:000051A8  _isalpha
 0001:000051C0  _iscntrl
 0001:000051D4  _isdigit
 0001:000051E8  _isgraph
 0001:00005200  _islower
 0001:00005214  _isprint
 0001:0000522C  _ispunct
 0001:00005240  _isspace
 0001:00005254  _isupper
 0001:00005268  _isxdigit
 0001:00005280  @C1029_0
 0001:00005280  _iswalnum
 0001:00005298  _iswascii
 0001:000052AC  _iswalpha
 0001:000052C4  _iswcntrl
 0001:000052D8  _iswdigit
 0001:000052EC  _iswgraph
 0001:00005304  _iswlower
 0001:00005318  _iswprint
 0001:00005330  _iswpunct
 0001:00005344  _iswspace
 0001:00005358  _iswupper
 0001:0000536C  _iswxdigit
 0001:00005384  ___isctype
 0001:00005384  @C1031_0
 0001:000053C8  @C1033_0
 0001:000053C8  ___iswctype
 0001:00005420  @C1075_0
 0001:00005420  __ltoupper
 0001:00005474  _mblen
 0001:00005474  ___org_mblen
 0001:00005474  @C1079_0
 0001:000054F0  _mbtowc
 0001:000054F0  ___org_mbtowc
 0001:000055C4  ___org_wctomb
 0001:000055C4  _wctomb
 0001:00005638  ___org_mbstowcs
 0001:00005638  _mbstowcs
 0001:000057A0  _wcstombs
 0001:000057A0  ___org_wcstombs
 0001:00005944  __llmul
 0001:00005944  @C1131_0
 0001:00005967  __lldiv
 0001:000059DF  __lludiv
 0001:00005A28  __llmod
 0001:00005AA2  __llumod
 0001:00005AF0  __llshl
 0001:00005B0C  __llshr
 0001:00005B28  __llushr
 0001:00005B44  @C1171_0
 0001:00005B44  __pow10
 0001:00005CCC  @C1207_0
 0001:00005CCC  __clear87
 0001:00005CE0  __control87
 0001:00005CE0  @C1221_0
 0001:00005D10  @C1223_0
 0001:00005D10  ___realcvt
 0001:00005D16  ___nextreal
 0001:00005D1C  __scantod
 0001:00005D22  __scanrslt
 0001:00005D28  @C1227_0
 0001:00005D40  @C1229_0
 0001:00005D58  __fpreset
 0001:00005D58  @C1269_0
 0001:00005D70  __fuildq
 0001:00005D70  @C1277_0
 0001:00005DA0  __fuistq
 0001:00005DA0  @C1279_0
 0001:00005DC4  __fxam
 0001:00005DC4  @C1281_0
 0001:00005DD8  @C1297_0
 0001:00005DD8  ___int64toa
 0001:00005E8C  ___ldtrunc
 0001:00005E8C  @C1307_0
 0001:00005FA4  @C1317_0
 0001:00005FA4  ___longtoa
 0001:00006018  ___utoa
 0001:00006034  _itoa
 0001:00006034  ___org_itoa
 0001:00006034  @C1325_0
 0001:00006064  _ultoa
 0001:00006064  ___org_ultoa
 0001:00006084  __ltoa
 0001:000060AC  @C1329_0
 0001:000060AC  ___org__matherr
 0001:000060AC  __matherr
 0001:000060D8  ___org__matherrl
 0001:000060D8  __matherrl
 0001:000060D8  @C1331_0
 0001:00006108  @C1333_0
 0001:00006108  __initmatherr
 0001:00006120  __qdiv10
 0001:00006120  @C1355_0
 0001:00006148  __qmul10
 0001:00006148  @C1357_0
 0001:00006178  @C1361_0
 0001:0000645C  __cvt_init
 0001:00006474  @C1363_0
 0001:00006790  __cvt_initw
 0001:000067A8  @C1371_0
 0001:00006C74  __scan_init
 0001:00006C8C  @C1373_0
 0001:00007154  __scan_initw
 0001:0000716C  @C1417_0
 0001:0000716C  ___xcvt
 0001:00007440  ___xcvtw
 0001:00007440  @C1419_0
 0001:00007734  __mbbtype
 0001:00007734  @C1423_0
 0001:000077A0  @C1431_0
 0001:000077A0  __setmbcp
 0001:000078C4  __getmbcp
 0001:000078CC  @C1431_3
 0001:000078CC  __initMBCSTable
 0001:000078DC  @C1453_0
 0001:000078DC  __ismbcspace
 0001:000078F8  @C1463_0
 0001:000078F8  __mbsbtype
 0001:00007928  @C1491_0
 0001:00007928  __mbsnbcpy
 0001:0000797C  @C1515_0
 0001:0000797C  __mbsrchr
 0001:000079D4  @C1539_0
 0001:000079D4  __mbctoupper
 0001:000079F4  @C1567_0
 0001:00007A3C  __assert
 0001:00007A9C  @C1583_0
 0001:00007AEC  __ErrorMessageHelper
 0001:00007B54  @C1587_0
 0001:00007BAC  __ErrorMessage
 0001:00007CC8  ___ErrorMessage
 0001:00007CD8  __ErrorExit
 0001:00007CF0  @C1595_0
 0001:00007CF0  @C1595_3
 0001:00007D7C  @C1615_0
 0001:00007D7C  __abort
 0001:00007D90  _abort
 0001:00007DA0  @C1653_0
 0001:00007DF8  _exit
 0001:00007E10  __exit
 0001:00007E28  __cexit
 0001:00007E38  __c_exit
 0001:00007E48  __init_wild_handlers
 0001:00007E48  @C1661_0
 0001:00007E64  __argv_default_expand
 0001:00007E64  @C1663_0
 0001:00007E78  __wargv_default_expand
 0001:00007E78  @C1665_0
 0001:00007E8C  __init_setargv_handlers
 0001:00007E8C  @C1671_0
 0001:00007EB4  @C1677_0
 0001:00007EB4  __setargv
 0001:00007EB4  @C1677_3
 0001:00007F3C  @C1677_4
 0001:00007F3C  __exitargv
 0001:00008020  __handle_setargv
 0001:00008020  @C1679_0
 0001:00008178  __handle_exitargv
 0001:00008208  __handle_wsetargv
 0001:00008208  @C1681_0
 0001:0000839C  __handle_wexitargv
 0001:00008430  @C1739_0
 0001:00008430  @C1739_2
 0001:00008468  @C1739_3
 0001:00008478  @C1753_0
 0001:00008478  @C1753_4
 0001:000084AC  __expandblock
 0001:000085F8  @C1753_3
 0001:00008618  @C1757_0
 0001:00008840  _signal
 0001:000088A0  ___org_raise
 0001:000088A0  _raise
 0001:00008910  @C1777_0
 0001:00008910  __terminate
 0001:00008920  __create_shmem
 0001:00008928  __init_exit_proc
 0001:000089FC  __cleanup
 0001:00008A68  @C1779_0
 0001:00008A68  __startup
 0001:00008C0C  @C1793_0
 0001:00008C0C  ___CRTL_TLS_Alloc
 0001:00008C14  ___CRTL_TLS_Free
 0001:00008C24  ___CRTL_TLS_GetValue
 0001:00008C34  ___CRTL_TLS_SetValue
 0001:00008C48  ___CRTL_TLS_InitThread
 0001:00008C50  ___CRTL_TLS_ExitThread
 0001:00008C58  ___CRTL_TLS_GetInfo
 0001:00008C5C  @C1873_0
 0001:00008C5C  @C1873_3
 0001:00008C87  ___JumpToCatch__
 0001:00008EF1  ___raiseDebuggerException
 0001:000092AC  @_ThrowExceptionLDTC$qpvt1t1t1uiuiuipuct1
 0001:000092E1  @_ReThrowException$quipuc
 0001:0000934C  __Global_unwind
 0001:00009488  @_CatchCleanup$qv
 0001:000099B8  __Local_unwind
 0001:000099CB  __Return_unwind
 0001:00009A2C  ____ExceptionHandler
 0001:0000A7AA  __CurrExcContext
 0002:00000000  @D1_1
 0002:00000044  ___isGUI
 0002:0000007C  ___isVCLPackage
 0002:0000007D  ___isDLL
 0002:0000008A  ___useDynamicTLS
 0002:0000008B  __TLS_index
 0002:0000008F  __TLS_index4
 0002:00000093  __hInstance
 0002:00000098  ___CPPdebugHook_segment
 0002:00000098  ___CPPdebugHook
 0002:0000009C  __PackageInfoTable
 0002:000000A4  @D2_1
 0002:00000170  @D181_1
 0002:000001B8  @std@exception@3
 0002:000001CC  @std@bad_alloc@3
 0002:000001E0  @D185_1
 0002:00000254  @D205_1
 0002:00000258  @D207_1
 0002:000002F0  @D217_1
 0002:000002F4  __heap_redirector
 0002:00000310  @D223_1
 0002:00000310  __virt_heap_size
 0002:00000314  __virt_chunk_size
 0002:00000318  __virt_chunk_size2
 0002:0000031C  __nv_heap_size
 0002:00000320  __smalloc_threshold
 0002:00000324  __virt_chunk_free
 0002:00000328  __virt_chunk_free2
 0002:0000032C  __firstHeap
 0002:00000330  __lastHeap
 0002:00000334  __linktable
 0002:00000338  __freeStart
 0002:00000344  __rover
 0002:0000034C  ___allocated
 0002:00000350  @D251_1
 0002:00000388  @_$ECTTN$@std@bad_typeid@$bdtr$qv
 0002:00000390  @_$ECTUN$@std@bad_cast@$bdtr$qv
 0002:00000398  @std@bad_typeid@3
 0002:000003AC  @std@bad_cast@3
 0002:000003C0  @D313_1
 0002:000003C0  @__rwstd@__rw_stdexcept_NoNamedException
 0002:000003C4  @__rwstd@__rw_stdexcept_BadException
 0002:000003C8  @__rwstd@__rw_stdexcept_BadAllocException
 0002:000003CC  @__rwstd@__rw_stdexcept_Error
 0002:00000430  @_$DCTFE$@std@bad_alloc@$bdtr$qv
 0002:00000440  @_$ECTUFE$@std@bad_alloc@$bdtr$qv
 0002:00000454  ___xxPersonality
 0002:00000454  @D519_0
 0002:00000458  @D521_1
 0002:00000778  @_$ECTWC$@__GetTypeInfo$qpvt1t1
 0002:00000780  @type_info_hash@3
 0002:00000790  @std@type_info@3
 0002:000007A0  ___terminatePTR
 0002:000007A0  @D523_1
 0002:000007A4  ___unexpectdPTR
 0002:000007A8  @_$CHVC$@std@terminate$qv
 0002:000007C8  @_$ECTWC$@std@terminate$qv
 0002:000007DC  ___CPPexceptionList
 0002:000007DC  @D525_1
 0002:000007E0  ___exceptFlags
 0002:000007E4  ___throwFileName
 0002:000007E8  ___throwLineNumber
 0002:000007EC  ___throwExceptionName
 0002:000007F0  ___exceptStaticBuffP
 0002:000007F4  ___exceptMemAllocVars
 0002:000007F8  ___ExceptStaticXbuff
 0002:00000878  __ExceptVarsSize
 0002:0000088C  @_$CHVC$@__call_terminate$qv
 0002:000008AC  @_$ECTWC$@__call_terminate$qv
 0002:000008C0  __stkchk
 0002:000008C0  @D531_1
 0002:000008D4  @D567_1
 0002:000008D4  __cfinfo_get
 0002:000008D8  @D621_1
 0002:000008D8  __notUmask
 0002:000008DC  __fileinfo
 0002:000008DC  @D647_0
 0002:000008E0  __streams
 0002:000008E0  @D719_0
 0002:00000D90  @D721_0
 0002:00000D90  __nfile
 0002:00000D94  __openfd
 0002:00000E5C  @D723_1
 0002:00000E60  __fmode
 0002:00000E60  @D731_0
 0002:00000E64  @D733_1
 0002:00000E64  __fmodeptr
 0002:00000E68  @D799_1
 0002:00000E68  __dosErrorToSV
 0002:00000F94  @D823_1
 0002:00000FA0  @D831_1
 0002:00000FA0  __sys_errlist
 0002:00001064  __sys_nerr
 0002:0000141C  @D927_1
 0002:00001494  @D1007_0
 0002:00001494  __chartype
 0002:00001698  @D1017_0
 0002:00001698  __upper
 0002:00001798  @D1037_0
 0002:00001798  _CMonetary
 0002:000017CC  _CNumeric
 0002:000017E4  _CTimeDate
 0002:000018A8  _CLOCALE
 0002:000018D4  ___locale
 0002:000019F8  @D1171_1
 0002:00001AB8  @D1227_1
 0002:00001AB8  __realcvtptr
 0002:00001ABC  __nextrealptr
 0002:00001AC0  __scantodptr
 0002:00001AC4  __scanrsltptr
 0002:00001B20  __realcvtwptr
 0002:00001B20  @D1229_1
 0002:00001B24  __nextrealwptr
 0002:00001B28  __scanwtodptr
 0002:00001B2C  __scanwrsltptr
 0002:00001B88  __default87
 0002:00001B88  @D1231_0
 0002:00001B8C  @D1285_0
 0002:00001B8C  __huge_flt
 0002:00001B90  __huge_dble
 0002:00001B98  __huge_ldble
 0002:00001BA2  __max_flt
 0002:00001BA6  __max_dble
 0002:00001BAE  __max_ldble
 0002:00001BB8  __indefinite
 0002:00001BBC  __tiny_ldble
 0002:00001BC8  ___ieee_64_p_inf
 0002:00001BD0  ___ieee_64_n_inf
 0002:00001BD8  ___ieee_64_p_nanq
 0002:00001BE0  ___ieee_64_n_nanq
 0002:00001BE8  ___ieee_64_p_nans
 0002:00001BF0  ___ieee_64_n_nans
 0002:00001BF8  ___ieee_64_p_zero
 0002:00001C00  ___ieee_64_n_zero
 0002:00001C08  __turboFloat
 0002:00001C08  @D1295_0
 0002:00001C0C  __floatconvert
 0002:00001C10  @D1333_1
 0002:00001C10  __pmatherr
 0002:00001C14  __pmatherrl
 0002:00001C18  @D1361_1
 0002:00001C2C  @D1363_1
 0002:00001C54  @D1371_1
 0002:00001C7C  @D1373_1
 0002:00001CA4  __kalpha
 0002:00001CA4  @D1431_1
 0002:00001CA6  __kpunct
 0002:00001CEC  @D1567_1
 0002:00001D10  @D1583_1
 0002:00001D34  _errno
 0002:00001D34  @D1585_1
 0002:00001D38  @D1587_1
 0002:00001D38  __messagefunc
 0002:00001D3C  __messagefile
 0002:00001D48  @D1595_1
 0002:00001D70  @D1615_1
 0002:00001D90  @D1617_0
 0002:00001D90  ___pCallAtExitProcs
 0002:00001D94  __exitbuf
 0002:00001D94  @D1653_1
 0002:00001D98  __exitfopen
 0002:00001D9C  __exitopen
 0002:00001DA0  __setargv_ptr
 0002:00001DA0  @D1673_0
 0002:00001DA4  __exitargv_ptr
 0002:00001DA8  __wsetargv_ptr
 0002:00001DA8  @D1675_0
 0002:00001DAC  __wexitargv_ptr
 0002:00001DB0  __setargv__
 0002:00001DB0  @D1677_1
 0002:00001E04  @D1679_1
 0002:00001E04  __cmdline_escapes
 0002:00001E2C  @D1681_1
 0002:00001E50  @D1735_0
 0002:00001E50  __argv_expand_ptr
 0002:00001E54  __wargv_expand_ptr
 0002:00001E54  @D1737_0
 0002:00001E58  __argv0
 0002:00001E58  @D1739_1
 0002:00001E78  __setenvp__
 0002:00001E78  @D1753_1
 0002:00001ECC  @D1757_1
 0002:00001F2C  __isWindows
 0002:00001F2C  @D1775_0
 0002:00001F30  @D1777_1
 0002:00001F34  @D1873_1
 0002:00001F34  ___debuggerDisableTerminateCallback
 0003:00000000  _out
 0003:00000000  @B2_2
 0003:00000004  __new_handler
 0003:00000004  @B185_2
 0003:00000008  ___bad_alloc
 0003:0000000C  __bormm_pfn_FreeMem
 0003:0000000C  @B207_2
 0003:00000010  __bormm_pfn_GetMem
 0003:00000014  __bormm_pfn_ReallocMem
 0003:00000018  __bormm_pfn_HeapAddRef
 0003:0000001C  __bormm_pfn_HeapRelease
 0003:00000024  @B251_2
 0003:0000002C  @B521_2
 0003:00000434  __DestructorCountPtr
 0003:00000434  @B525_2
 0003:0000043C  __HandlerPtr
 0003:0000043C  @B531_2
 0003:00000440  __UserHandlerPtr
 0003:00000444  @B721_1
 0003:00000444  __pidtab
 0003:0000050C  __handles
 0003:000005D4  @B723_2
 0003:000006D4  ___ffblk_handle_list
 0003:000006D8  @B799_2
 0003:000006D8  __doserrno
 0003:000006DC  @B823_2
 0003:000006DC  __tmpnum
 0003:000006EC  @B1431_2
 0003:000006EC  __mbctype
 0003:000007F0  __mbcsCodePage
 0003:000007F4  @B1567_2
 0003:000008F4  @B1583_2
 0003:00000910  __ostype
 0003:00000910  @B1595_2
 0003:00000914  @B1677_2
 0003:00000914  __argv
 0003:00000920  @B1679_2
 0003:00000924  @B1681_2
 0003:00000928  @B1753_2
 0003:00000928  __environ
 0003:00000930  __envsize
 0003:00000934  __env_lock
 0003:00000938  @B1775_1
 0003:00000938  __C0argc
 0003:0000093C  __C0argv
 0003:00000940  __C0environ
 0003:00000944  __oscmd
 0003:00000948  __osenv
 0003:0000094C  __argc
 0003:00000950  __dll_table
 0003:00000958  __ExcRegPtr
 0003:0000095C  __wosenv
 0003:00000960  __woscmd
 0003:00000964  __wC0argv
 0003:00000968  __wC0environ
 0003:0000096C  __exe_table
 0003:00000974  __stkbase
 0003:00000978  @B1873_2
 0003:0000097C  ___pCPPdebugHook
 0004:00000000  ___xxInfo
 0004:00000000  @T525_3
